Archive member included to satisfy reference by file (symbol)

/Applications/STM32CubeIDE.app/Contents/Eclipse/plugins/com.st.stm32cube.ide.mcu.externaltools.gnu-tools-for-stm32.9-2020-q2-update.macos64_2.0.0.202105311346/tools/bin/../lib/gcc/arm-none-eabi/9.3.1/../../../../arm-none-eabi/lib/thumb/v7e-m+fp/hard/libc_nano.a(lib_a-errno.o)
                              ./Core/Src/syscalls.o (__errno)
/Applications/STM32CubeIDE.app/Contents/Eclipse/plugins/com.st.stm32cube.ide.mcu.externaltools.gnu-tools-for-stm32.9-2020-q2-update.macos64_2.0.0.202105311346/tools/bin/../lib/gcc/arm-none-eabi/9.3.1/../../../../arm-none-eabi/lib/thumb/v7e-m+fp/hard/libc_nano.a(lib_a-exit.o)
                              /Applications/STM32CubeIDE.app/Contents/Eclipse/plugins/com.st.stm32cube.ide.mcu.externaltools.gnu-tools-for-stm32.9-2020-q2-update.macos64_2.0.0.202105311346/tools/bin/../lib/gcc/arm-none-eabi/9.3.1/../../../../arm-none-eabi/lib/thumb/v7e-m+fp/hard/crt0.o (exit)
/Applications/STM32CubeIDE.app/Contents/Eclipse/plugins/com.st.stm32cube.ide.mcu.externaltools.gnu-tools-for-stm32.9-2020-q2-update.macos64_2.0.0.202105311346/tools/bin/../lib/gcc/arm-none-eabi/9.3.1/../../../../arm-none-eabi/lib/thumb/v7e-m+fp/hard/libc_nano.a(lib_a-impure.o)
                              /Applications/STM32CubeIDE.app/Contents/Eclipse/plugins/com.st.stm32cube.ide.mcu.externaltools.gnu-tools-for-stm32.9-2020-q2-update.macos64_2.0.0.202105311346/tools/bin/../lib/gcc/arm-none-eabi/9.3.1/../../../../arm-none-eabi/lib/thumb/v7e-m+fp/hard/libc_nano.a(lib_a-exit.o) (_global_impure_ptr)
/Applications/STM32CubeIDE.app/Contents/Eclipse/plugins/com.st.stm32cube.ide.mcu.externaltools.gnu-tools-for-stm32.9-2020-q2-update.macos64_2.0.0.202105311346/tools/bin/../lib/gcc/arm-none-eabi/9.3.1/../../../../arm-none-eabi/lib/thumb/v7e-m+fp/hard/libc_nano.a(lib_a-init.o)
                              /Applications/STM32CubeIDE.app/Contents/Eclipse/plugins/com.st.stm32cube.ide.mcu.externaltools.gnu-tools-for-stm32.9-2020-q2-update.macos64_2.0.0.202105311346/tools/bin/../lib/gcc/arm-none-eabi/9.3.1/../../../../arm-none-eabi/lib/thumb/v7e-m+fp/hard/crt0.o (__libc_init_array)
/Applications/STM32CubeIDE.app/Contents/Eclipse/plugins/com.st.stm32cube.ide.mcu.externaltools.gnu-tools-for-stm32.9-2020-q2-update.macos64_2.0.0.202105311346/tools/bin/../lib/gcc/arm-none-eabi/9.3.1/../../../../arm-none-eabi/lib/thumb/v7e-m+fp/hard/libc_nano.a(lib_a-itoa.o)
                              ./Core/Src/main.o (itoa)
/Applications/STM32CubeIDE.app/Contents/Eclipse/plugins/com.st.stm32cube.ide.mcu.externaltools.gnu-tools-for-stm32.9-2020-q2-update.macos64_2.0.0.202105311346/tools/bin/../lib/gcc/arm-none-eabi/9.3.1/../../../../arm-none-eabi/lib/thumb/v7e-m+fp/hard/libc_nano.a(lib_a-memcpy-stub.o)
                              ./Middlewares/Third_Party/FreeRTOS/Source/CMSIS_RTOS_V2/cmsis_os2.o (memcpy)
/Applications/STM32CubeIDE.app/Contents/Eclipse/plugins/com.st.stm32cube.ide.mcu.externaltools.gnu-tools-for-stm32.9-2020-q2-update.macos64_2.0.0.202105311346/tools/bin/../lib/gcc/arm-none-eabi/9.3.1/../../../../arm-none-eabi/lib/thumb/v7e-m+fp/hard/libc_nano.a(lib_a-memset.o)
                              /Applications/STM32CubeIDE.app/Contents/Eclipse/plugins/com.st.stm32cube.ide.mcu.externaltools.gnu-tools-for-stm32.9-2020-q2-update.macos64_2.0.0.202105311346/tools/bin/../lib/gcc/arm-none-eabi/9.3.1/../../../../arm-none-eabi/lib/thumb/v7e-m+fp/hard/crt0.o (memset)
/Applications/STM32CubeIDE.app/Contents/Eclipse/plugins/com.st.stm32cube.ide.mcu.externaltools.gnu-tools-for-stm32.9-2020-q2-update.macos64_2.0.0.202105311346/tools/bin/../lib/gcc/arm-none-eabi/9.3.1/../../../../arm-none-eabi/lib/thumb/v7e-m+fp/hard/libc_nano.a(lib_a-utoa.o)
                              /Applications/STM32CubeIDE.app/Contents/Eclipse/plugins/com.st.stm32cube.ide.mcu.externaltools.gnu-tools-for-stm32.9-2020-q2-update.macos64_2.0.0.202105311346/tools/bin/../lib/gcc/arm-none-eabi/9.3.1/../../../../arm-none-eabi/lib/thumb/v7e-m+fp/hard/libc_nano.a(lib_a-itoa.o) (__utoa)
/Applications/STM32CubeIDE.app/Contents/Eclipse/plugins/com.st.stm32cube.ide.mcu.externaltools.gnu-tools-for-stm32.9-2020-q2-update.macos64_2.0.0.202105311346/tools/bin/../lib/gcc/arm-none-eabi/9.3.1/thumb/v7e-m+fp/hard/libgcc.a(_aeabi_uldivmod.o)
                              ./Drivers/STM32F4xx_HAL_Driver/Src/stm32f4xx_hal_rcc.o (__aeabi_uldivmod)
/Applications/STM32CubeIDE.app/Contents/Eclipse/plugins/com.st.stm32cube.ide.mcu.externaltools.gnu-tools-for-stm32.9-2020-q2-update.macos64_2.0.0.202105311346/tools/bin/../lib/gcc/arm-none-eabi/9.3.1/thumb/v7e-m+fp/hard/libgcc.a(_udivmoddi4.o)
                              /Applications/STM32CubeIDE.app/Contents/Eclipse/plugins/com.st.stm32cube.ide.mcu.externaltools.gnu-tools-for-stm32.9-2020-q2-update.macos64_2.0.0.202105311346/tools/bin/../lib/gcc/arm-none-eabi/9.3.1/thumb/v7e-m+fp/hard/libgcc.a(_aeabi_uldivmod.o) (__udivmoddi4)
[...]
Memory Configuration

Name             Origin             Length             Attributes
CCMRAM           0x0000000010000000 0x0000000000010000 xrw
RAM              0x0000000020000000 0x0000000000020000 xrw
FLASH            0x0000000008000000 0x0000000000080000 xr
*default*        0x0000000000000000 0xffffffffffffffff

Linker script and memory map

LOAD /Applications/STM32CubeIDE.app/Contents/Eclipse/plugins/com.st.stm32cube.ide.mcu.externaltools.gnu-tools-for-stm32.9-2020-q2-update.macos64_2.0.0.202105311346/tools/bin/../lib/gcc/arm-none-eabi/9.3.1/thumb/v7e-m+fp/hard/crti.o
LOAD /Applications/STM32CubeIDE.app/Contents/Eclipse/plugins/com.st.stm32cube.ide.mcu.externaltools.gnu-tools-for-stm32.9-2020-q2-update.macos64_2.0.0.202105311346/tools/bin/../lib/gcc/arm-none-eabi/9.3.1/thumb/v7e-m+fp/hard/crtbegin.o
LOAD /Applications/STM32CubeIDE.app/Contents/Eclipse/plugins/com.st.stm32cube.ide.mcu.externaltools.gnu-tools-for-stm32.9-2020-q2-update.macos64_2.0.0.202105311346/tools/bin/../lib/gcc/arm-none-eabi/9.3.1/../../../../arm-none-eabi/lib/thumb/v7e-m+fp/hard/crt0.o
LOAD ./Core/Src/freertos.o
LOAD ./Core/Src/main.o
LOAD ./Core/Src/stm32f4xx_hal_msp.o
LOAD ./Core/Src/stm32f4xx_it.o
LOAD ./Core/Src/syscalls.o
LOAD ./Core/Src/sysmem.o
LOAD ./Core/Src/system_stm32f4xx.o
LOAD ./Core/Startup/startup_stm32f407vetx.o
LOAD ./Drivers/STM32F4xx_HAL_Driver/Src/stm32f4xx_hal.o
LOAD ./Drivers/STM32F4xx_HAL_Driver/Src/stm32f4xx_hal_adc.o
LOAD ./Drivers/STM32F4xx_HAL_Driver/Src/stm32f4xx_hal_adc_ex.o
LOAD ./Drivers/STM32F4xx_HAL_Driver/Src/stm32f4xx_hal_cortex.o
LOAD ./Drivers/STM32F4xx_HAL_Driver/Src/stm32f4xx_hal_dma.o
LOAD ./Drivers/STM32F4xx_HAL_Driver/Src/stm32f4xx_hal_dma_ex.o
LOAD ./Drivers/STM32F4xx_HAL_Driver/Src/stm32f4xx_hal_exti.o
LOAD ./Drivers/STM32F4xx_HAL_Driver/Src/stm32f4xx_hal_flash.o
LOAD ./Drivers/STM32F4xx_HAL_Driver/Src/stm32f4xx_hal_flash_ex.o
LOAD ./Drivers/STM32F4xx_HAL_Driver/Src/stm32f4xx_hal_flash_ramfunc.o
LOAD ./Drivers/STM32F4xx_HAL_Driver/Src/stm32f4xx_hal_gpio.o
LOAD ./Drivers/STM32F4xx_HAL_Driver/Src/stm32f4xx_hal_pwr.o
LOAD ./Drivers/STM32F4xx_HAL_Driver/Src/stm32f4xx_hal_pwr_ex.o
LOAD ./Drivers/STM32F4xx_HAL_Driver/Src/stm32f4xx_hal_rcc.o
LOAD ./Drivers/STM32F4xx_HAL_Driver/Src/stm32f4xx_hal_rcc_ex.o
LOAD ./Drivers/STM32F4xx_HAL_Driver/Src/stm32f4xx_hal_sd.o
LOAD ./Drivers/STM32F4xx_HAL_Driver/Src/stm32f4xx_hal_tim.o
LOAD ./Drivers/STM32F4xx_HAL_Driver/Src/stm32f4xx_hal_tim_ex.o
LOAD ./Drivers/STM32F4xx_HAL_Driver/Src/stm32f4xx_hal_uart.o
LOAD ./Drivers/STM32F4xx_HAL_Driver/Src/stm32f4xx_ll_adc.o
LOAD ./Drivers/STM32F4xx_HAL_Driver/Src/stm32f4xx_ll_sdmmc.o
LOAD ./FATFS/App/fatfs.o
LOAD ./FATFS/Target/bsp_driver_sd.o
LOAD ./FATFS/Target/sd_diskio.o
LOAD ./Middlewares/Third_Party/FatFs/src/diskio.o
LOAD ./Middlewares/Third_Party/FatFs/src/ff.o
LOAD ./Middlewares/Third_Party/FatFs/src/ff_gen_drv.o
LOAD ./Middlewares/Third_Party/FatFs/src/option/syscall.o
LOAD ./Middlewares/Third_Party/FreeRTOS/Source/CMSIS_RTOS_V2/cmsis_os2.o
LOAD ./Middlewares/Third_Party/FreeRTOS/Source/croutine.o
LOAD ./Middlewares/Third_Party/FreeRTOS/Source/event_groups.o
LOAD ./Middlewares/Third_Party/FreeRTOS/Source/list.o
LOAD ./Middlewares/Third_Party/FreeRTOS/Source/queue.o
LOAD ./Middlewares/Third_Party/FreeRTOS/Source/stream_buffer.o
LOAD ./Middlewares/Third_Party/FreeRTOS/Source/tasks.o
LOAD ./Middlewares/Third_Party/FreeRTOS/Source/timers.o
LOAD ./Middlewares/Third_Party/FreeRTOS/Source/portable/GCC/ARM_CM4F/port.o
LOAD ./Middlewares/Third_Party/FreeRTOS/Source/portable/MemMang/heap_4.o
START GROUP
LOAD /Applications/STM32CubeIDE.app/Contents/Eclipse/plugins/com.st.stm32cube.ide.mcu.externaltools.gnu-tools-for-stm32.9-2020-q2-update.macos64_2.0.0.202105311346/tools/bin/../lib/gcc/arm-none-eabi/9.3.1/../../../../arm-none-eabi/lib/thumb/v7e-m+fp/hard/libstdc++_nano.a
LOAD /Applications/STM32CubeIDE.app/Contents/Eclipse/plugins/com.st.stm32cube.ide.mcu.externaltools.gnu-tools-for-stm32.9-2020-q2-update.macos64_2.0.0.202105311346/tools/bin/../lib/gcc/arm-none-eabi/9.3.1/../../../../arm-none-eabi/lib/thumb/v7e-m+fp/hard/libsupc++_nano.a
END GROUP
LOAD /Applications/STM32CubeIDE.app/Contents/Eclipse/plugins/com.st.stm32cube.ide.mcu.externaltools.gnu-tools-for-stm32.9-2020-q2-update.macos64_2.0.0.202105311346/tools/bin/../lib/gcc/arm-none-eabi/9.3.1/../../../../arm-none-eabi/lib/thumb/v7e-m+fp/hard/libstdc++_nano.a
LOAD /Applications/STM32CubeIDE.app/Contents/Eclipse/plugins/com.st.stm32cube.ide.mcu.externaltools.gnu-tools-for-stm32.9-2020-q2-update.macos64_2.0.0.202105311346/tools/bin/../lib/gcc/arm-none-eabi/9.3.1/../../../../arm-none-eabi/lib/thumb/v7e-m+fp/hard/libm.a
LOAD /Applications/STM32CubeIDE.app/Contents/Eclipse/plugins/com.st.stm32cube.ide.mcu.externaltools.gnu-tools-for-stm32.9-2020-q2-update.macos64_2.0.0.202105311346/tools/bin/../lib/gcc/arm-none-eabi/9.3.1/../../../../arm-none-eabi/lib/thumb/v7e-m+fp/hard/libc_nano.a
START GROUP
LOAD /Applications/STM32CubeIDE.app/Contents/Eclipse/plugins/com.st.stm32cube.ide.mcu.externaltools.gnu-tools-for-stm32.9-2020-q2-update.macos64_2.0.0.202105311346/tools/bin/../lib/gcc/arm-none-eabi/9.3.1/thumb/v7e-m+fp/hard/libgcc.a
LOAD /Applications/STM32CubeIDE.app/Contents/Eclipse/plugins/com.st.stm32cube.ide.mcu.externaltools.gnu-tools-for-stm32.9-2020-q2-update.macos64_2.0.0.202105311346/tools/bin/../lib/gcc/arm-none-eabi/9.3.1/../../../../arm-none-eabi/lib/thumb/v7e-m+fp/hard/libc_nano.a
END GROUP
START GROUP
LOAD /Applications/STM32CubeIDE.app/Contents/Eclipse/plugins/com.st.stm32cube.ide.mcu.externaltools.gnu-tools-for-stm32.9-2020-q2-update.macos64_2.0.0.202105311346/tools/bin/../lib/gcc/arm-none-eabi/9.3.1/thumb/v7e-m+fp/hard/libgcc.a
LOAD /Applications/STM32CubeIDE.app/Contents/Eclipse/plugins/com.st.stm32cube.ide.mcu.externaltools.gnu-tools-for-stm32.9-2020-q2-update.macos64_2.0.0.202105311346/tools/bin/../lib/gcc/arm-none-eabi/9.3.1/../../../../arm-none-eabi/lib/thumb/v7e-m+fp/hard/libc_nano.a
LOAD /Applications/STM32CubeIDE.app/Contents/Eclipse/plugins/com.st.stm32cube.ide.mcu.externaltools.gnu-tools-for-stm32.9-2020-q2-update.macos64_2.0.0.202105311346/tools/bin/../lib/gcc/arm-none-eabi/9.3.1/../../../../arm-none-eabi/lib/thumb/v7e-m+fp/hard/libnosys.a
END GROUP
START GROUP
LOAD /Applications/STM32CubeIDE.app/Contents/Eclipse/plugins/com.st.stm32cube.ide.mcu.externaltools.gnu-tools-for-stm32.9-2020-q2-update.macos64_2.0.0.202105311346/tools/bin/../lib/gcc/arm-none-eabi/9.3.1/thumb/v7e-m+fp/hard/libgcc.a
LOAD /Applications/STM32CubeIDE.app/Contents/Eclipse/plugins/com.st.stm32cube.ide.mcu.externaltools.gnu-tools-for-stm32.9-2020-q2-update.macos64_2.0.0.202105311346/tools/bin/../lib/gcc/arm-none-eabi/9.3.1/../../../../arm-none-eabi/lib/thumb/v7e-m+fp/hard/libc_nano.a
LOAD /Applications/STM32CubeIDE.app/Contents/Eclipse/plugins/com.st.stm32cube.ide.mcu.externaltools.gnu-tools-for-stm32.9-2020-q2-update.macos64_2.0.0.202105311346/tools/bin/../lib/gcc/arm-none-eabi/9.3.1/../../../../arm-none-eabi/lib/thumb/v7e-m+fp/hard/libnosys.a
END GROUP
LOAD /Applications/STM32CubeIDE.app/Contents/Eclipse/plugins/com.st.stm32cube.ide.mcu.externaltools.gnu-tools-for-stm32.9-2020-q2-update.macos64_2.0.0.202105311346/tools/bin/../lib/gcc/arm-none-eabi/9.3.1/thumb/v7e-m+fp/hard/crtend.o
LOAD /Applications/STM32CubeIDE.app/Contents/Eclipse/plugins/com.st.stm32cube.ide.mcu.externaltools.gnu-tools-for-stm32.9-2020-q2-update.macos64_2.0.0.202105311346/tools/bin/../lib/gcc/arm-none-eabi/9.3.1/thumb/v7e-m+fp/hard/crtn.o
                0x0000000020020000                _estack = (ORIGIN (RAM) + LENGTH (RAM))
                0x0000000000000200                _Min_Heap_Size = 0x200
                0x0000000000000400                _Min_Stack_Size = 0x400

.isr_vector     0x0000000008000000      0x188
                0x0000000008000000                . = ALIGN (0x4)
 *(.isr_vector)
 .isr_vector    0x0000000008000000      0x188 ./Core/Startup/startup_stm32f407vetx.o
                0x0000000008000000                g_pfnVectors
                0x0000000008000188                . = ALIGN (0x4)

.text           0x0000000008000190     0xb6d0
                0x0000000008000190                . = ALIGN (0x4)
 *(.text)
 .text          0x0000000008000190       0x40 /Applications/STM32CubeIDE.app/Contents/Eclipse/plugins/com.st.stm32cube.ide.mcu.externaltools.gnu-tools-for-stm32.9-2020-q2-update.macos64_2.0.0.202105311346/tools/bin/../lib/gcc/arm-none-eabi/9.3.1/thumb/v7e-m+fp/hard/crtbegin.o
 .text          0x00000000080001d0       0x30 /Applications/STM32CubeIDE.app/Contents/Eclipse/plugins/com.st.stm32cube.ide.mcu.externaltools.gnu-tools-for-stm32.9-2020-q2-update.macos64_2.0.0.202105311346/tools/bin/../lib/gcc/arm-none-eabi/9.3.1/thumb/v7e-m+fp/hard/libgcc.a(_aeabi_uldivmod.o)
                0x00000000080001d0                __aeabi_uldivmod
 .text          0x0000000008000200      0x2c4 /Applications/STM32CubeIDE.app/Contents/Eclipse/plugins/com.st.stm32cube.ide.mcu.externaltools.gnu-tools-for-stm32.9-2020-q2-update.macos64_2.0.0.202105311346/tools/bin/../lib/gcc/arm-none-eabi/9.3.1/thumb/v7e-m+fp/hard/libgcc.a(_udivmoddi4.o)
                0x0000000008000200                __udivmoddi4
 .text          0x00000000080004c4        0x4 /Applications/STM32CubeIDE.app/Contents/Eclipse/plugins/com.st.stm32cube.ide.mcu.externaltools.gnu-tools-for-stm32.9-2020-q2-update.macos64_2.0.0.202105311346/tools/bin/../lib/gcc/arm-none-eabi/9.3.1/thumb/v7e-m+fp/hard/libgcc.a(_dvmd_tls.o)
                0x00000000080004c4                __aeabi_ldiv0
                0x00000000080004c4                __aeabi_idiv0
 *(.text*)
 .text.main     0x00000000080004c8       0x8c ./Core/Src/main.o
                0x00000000080004c8                main
 .text.SystemClock_Config
                0x0000000008000554       0xd4 ./Core/Src/main.o
                0x0000000008000554                SystemClock_Config
 .text.MX_ADC1_Init
                0x0000000008000628       0xa4 ./Core/Src/main.o
 .text.MX_SDIO_SD_Init
                0x00000000080006cc       0x40 ./Core/Src/main.o
 .text.MX_USART1_UART_Init
                0x000000000800070c       0x54 ./Core/Src/main.o
 .text.MX_DMA_Init
                0x0000000008000760       0x50 ./Core/Src/main.o
 .text.MX_GPIO_Init
                0x00000000080007b0       0xbc ./Core/Src/main.o
 .text.StartDefaultTask
                0x000000000800086c      0x174 ./Core/Src/main.o
                0x000000000800086c                StartDefaultTask
 .text.audio_record_timer
                0x00000000080009e0       0x2c ./Core/Src/main.o
                0x00000000080009e0                audio_record_timer
 .text.Error_Handler
                0x0000000008000a0c        0xa ./Core/Src/main.o
                0x0000000008000a0c                Error_Handler
 *fill*         0x0000000008000a16        0x2 
 .text.HAL_MspInit
                0x0000000008000a18       0x58 ./Core/Src/stm32f4xx_hal_msp.o
                0x0000000008000a18                HAL_MspInit
 .text.HAL_ADC_MspInit
                0x0000000008000a70       0x88 ./Core/Src/stm32f4xx_hal_msp.o
                0x0000000008000a70                HAL_ADC_MspInit
 .text.HAL_SD_MspInit
                0x0000000008000af8      0x1e0 ./Core/Src/stm32f4xx_hal_msp.o
                0x0000000008000af8                HAL_SD_MspInit
 .text.HAL_UART_MspInit
                0x0000000008000cd8       0x90 ./Core/Src/stm32f4xx_hal_msp.o
                0x0000000008000cd8                HAL_UART_MspInit
 .text.NMI_Handler
                0x0000000008000d68        0x6 ./Core/Src/stm32f4xx_it.o
                0x0000000008000d68                NMI_Handler
 .text.HardFault_Handler
                0x0000000008000d6e        0x6 ./Core/Src/stm32f4xx_it.o
                0x0000000008000d6e                HardFault_Handler
 .text.MemManage_Handler
                0x0000000008000d74        0x6 ./Core/Src/stm32f4xx_it.o
                0x0000000008000d74                MemManage_Handler
 .text.BusFault_Handler
                0x0000000008000d7a        0x6 ./Core/Src/stm32f4xx_it.o
                0x0000000008000d7a                BusFault_Handler
 .text.UsageFault_Handler
                0x0000000008000d80        0x6 ./Core/Src/stm32f4xx_it.o
                0x0000000008000d80                UsageFault_Handler
 .text.DebugMon_Handler
                0x0000000008000d86        0xe ./Core/Src/stm32f4xx_it.o
                0x0000000008000d86                DebugMon_Handler
 .text.SysTick_Handler
                0x0000000008000d94       0x1a ./Core/Src/stm32f4xx_it.o
                0x0000000008000d94                SysTick_Handler
 *fill*         0x0000000008000dae        0x2 
 .text.SDIO_IRQHandler
                0x0000000008000db0       0x14 ./Core/Src/stm32f4xx_it.o
                0x0000000008000db0                SDIO_IRQHandler
 .text.DMA2_Stream3_IRQHandler
                0x0000000008000dc4       0x14 ./Core/Src/stm32f4xx_it.o
                0x0000000008000dc4                DMA2_Stream3_IRQHandler
 .text.DMA2_Stream6_IRQHandler
                0x0000000008000dd8       0x14 ./Core/Src/stm32f4xx_it.o
                0x0000000008000dd8                DMA2_Stream6_IRQHandler
 .text.SystemInit
                0x0000000008000dec       0x24 ./Core/Src/system_stm32f4xx.o
                0x0000000008000dec                SystemInit
 .text.Reset_Handler
                0x0000000008000e10       0x50 ./Core/Startup/startup_stm32f407vetx.o
                0x0000000008000e10                Reset_Handler
 .text.Default_Handler
                0x0000000008000e60        0x2 ./Core/Startup/startup_stm32f407vetx.o
                0x0000000008000e60                DMA1_Stream3_IRQHandler
                0x0000000008000e60                HASH_RNG_IRQHandler
                0x0000000008000e60                EXTI2_IRQHandler
                0x0000000008000e60                TIM8_CC_IRQHandler
                0x0000000008000e60                TIM1_CC_IRQHandler
                0x0000000008000e60                DMA2_Stream5_IRQHandler
                0x0000000008000e60                DMA1_Stream5_IRQHandler
                0x0000000008000e60                PVD_IRQHandler
                0x0000000008000e60                TAMP_STAMP_IRQHandler
                0x0000000008000e60                CAN2_RX1_IRQHandler
                0x0000000008000e60                EXTI3_IRQHandler
                0x0000000008000e60                TIM8_TRG_COM_TIM14_IRQHandler
                0x0000000008000e60                TIM1_UP_TIM10_IRQHandler
                0x0000000008000e60                TIM8_UP_TIM13_IRQHandler
                0x0000000008000e60                I2C3_ER_IRQHandler
                0x0000000008000e60                EXTI0_IRQHandler
                0x0000000008000e60                I2C2_EV_IRQHandler
                0x0000000008000e60                DMA1_Stream2_IRQHandler
                0x0000000008000e60                CAN1_RX0_IRQHandler
                0x0000000008000e60                FPU_IRQHandler
                0x0000000008000e60                OTG_HS_WKUP_IRQHandler
                0x0000000008000e60                CAN2_SCE_IRQHandler
                0x0000000008000e60                DMA2_Stream2_IRQHandler
                0x0000000008000e60                SPI1_IRQHandler
                0x0000000008000e60                TIM6_DAC_IRQHandler
                0x0000000008000e60                TIM1_BRK_TIM9_IRQHandler
                0x0000000008000e60                DCMI_IRQHandler
                0x0000000008000e60                CAN2_RX0_IRQHandler
                0x0000000008000e60                USART6_IRQHandler
                0x0000000008000e60                USART3_IRQHandler
                0x0000000008000e60                CAN1_RX1_IRQHandler
                0x0000000008000e60                UART5_IRQHandler
                0x0000000008000e60                DMA2_Stream0_IRQHandler
                0x0000000008000e60                TIM4_IRQHandler
                0x0000000008000e60                I2C1_EV_IRQHandler
                0x0000000008000e60                DMA1_Stream6_IRQHandler
                0x0000000008000e60                DMA1_Stream1_IRQHandler
                0x0000000008000e60                UART4_IRQHandler
                0x0000000008000e60                TIM3_IRQHandler
                0x0000000008000e60                RCC_IRQHandler
                0x0000000008000e60                TIM8_BRK_TIM12_IRQHandler
                0x0000000008000e60                Default_Handler
                0x0000000008000e60                EXTI15_10_IRQHandler
                0x0000000008000e60                ADC_IRQHandler
                0x0000000008000e60                DMA1_Stream7_IRQHandler
                0x0000000008000e60                TIM7_IRQHandler
                0x0000000008000e60                CAN2_TX_IRQHandler
                0x0000000008000e60                TIM5_IRQHandler
                0x0000000008000e60                DMA2_Stream7_IRQHandler
                0x0000000008000e60                I2C3_EV_IRQHandler
                0x0000000008000e60                EXTI9_5_IRQHandler
                0x0000000008000e60                RTC_WKUP_IRQHandler
                0x0000000008000e60                ETH_WKUP_IRQHandler
                0x0000000008000e60                SPI2_IRQHandler
                0x0000000008000e60                OTG_HS_EP1_IN_IRQHandler
                0x0000000008000e60                DMA1_Stream0_IRQHandler
                0x0000000008000e60                CAN1_TX_IRQHandler
                0x0000000008000e60                EXTI4_IRQHandler
                0x0000000008000e60                FSMC_IRQHandler
                0x0000000008000e60                ETH_IRQHandler
                0x0000000008000e60                OTG_HS_EP1_OUT_IRQHandler
                0x0000000008000e60                WWDG_IRQHandler
                0x0000000008000e60                TIM2_IRQHandler
                0x0000000008000e60                OTG_FS_WKUP_IRQHandler
                0x0000000008000e60                TIM1_TRG_COM_TIM11_IRQHandler
                0x0000000008000e60                OTG_HS_IRQHandler
                0x0000000008000e60                EXTI1_IRQHandler
                0x0000000008000e60                USART2_IRQHandler
                0x0000000008000e60                I2C2_ER_IRQHandler
                0x0000000008000e60                DMA2_Stream1_IRQHandler
                0x0000000008000e60                CAN1_SCE_IRQHandler
                0x0000000008000e60                FLASH_IRQHandler
                0x0000000008000e60                DMA2_Stream4_IRQHandler
                0x0000000008000e60                USART1_IRQHandler
                0x0000000008000e60                OTG_FS_IRQHandler
                0x0000000008000e60                SPI3_IRQHandler
                0x0000000008000e60                DMA1_Stream4_IRQHandler
                0x0000000008000e60                I2C1_ER_IRQHandler
                0x0000000008000e60                RTC_Alarm_IRQHandler
 *fill*         0x0000000008000e62        0x2 
 .text.HAL_Init
                0x0000000008000e64       0x44 ./Drivers/STM32F4xx_HAL_Driver/Src/stm32f4xx_hal.o
                0x0000000008000e64                HAL_Init
 .text.HAL_InitTick
                0x0000000008000ea8       0x60 ./Drivers/STM32F4xx_HAL_Driver/Src/stm32f4xx_hal.o
                0x0000000008000ea8                HAL_InitTick
 .text.HAL_IncTick
                0x0000000008000f08       0x28 ./Drivers/STM32F4xx_HAL_Driver/Src/stm32f4xx_hal.o
                0x0000000008000f08                HAL_IncTick
 .text.HAL_GetTick
                0x0000000008000f30       0x18 ./Drivers/STM32F4xx_HAL_Driver/Src/stm32f4xx_hal.o
                0x0000000008000f30                HAL_GetTick
 .text.HAL_Delay
                0x0000000008000f48       0x48 ./Drivers/STM32F4xx_HAL_Driver/Src/stm32f4xx_hal.o
                0x0000000008000f48                HAL_Delay
 .text.HAL_ADC_Init
                0x0000000008000f90       0x86 ./Drivers/STM32F4xx_HAL_Driver/Src/stm32f4xx_hal_adc.o
                0x0000000008000f90                HAL_ADC_Init
 *fill*         0x0000000008001016        0x2 
 .text.HAL_ADC_Start
                0x0000000008001018      0x1a4 ./Drivers/STM32F4xx_HAL_Driver/Src/stm32f4xx_hal_adc.o
                0x0000000008001018                HAL_ADC_Start
 .text.HAL_ADC_GetValue
                0x00000000080011bc       0x1a ./Drivers/STM32F4xx_HAL_Driver/Src/stm32f4xx_hal_adc.o
                0x00000000080011bc                HAL_ADC_GetValue
 *fill*         0x00000000080011d6        0x2 
 .text.HAL_ADC_ConfigChannel
                0x00000000080011d8      0x244 ./Drivers/STM32F4xx_HAL_Driver/Src/stm32f4xx_hal_adc.o
                0x00000000080011d8                HAL_ADC_ConfigChannel
 .text.ADC_Init
                0x000000000800141c      0x1f8 ./Drivers/STM32F4xx_HAL_Driver/Src/stm32f4xx_hal_adc.o
 .text.__NVIC_SetPriorityGrouping
                0x0000000008001614       0x48 ./Drivers/STM32F4xx_HAL_Driver/Src/stm32f4xx_hal_cortex.o
 .text.__NVIC_GetPriorityGrouping
                0x000000000800165c       0x1c ./Drivers/STM32F4xx_HAL_Driver/Src/stm32f4xx_hal_cortex.o
 .text.__NVIC_EnableIRQ
                0x0000000008001678       0x3c ./Drivers/STM32F4xx_HAL_Driver/Src/stm32f4xx_hal_cortex.o
 .text.__NVIC_SetPriority
                0x00000000080016b4       0x54 ./Drivers/STM32F4xx_HAL_Driver/Src/stm32f4xx_hal_cortex.o
 .text.NVIC_EncodePriority
                0x0000000008001708       0x66 ./Drivers/STM32F4xx_HAL_Driver/Src/stm32f4xx_hal_cortex.o
 *fill*         0x000000000800176e        0x2 
 .text.SysTick_Config
                0x0000000008001770       0x44 ./Drivers/STM32F4xx_HAL_Driver/Src/stm32f4xx_hal_cortex.o
 .text.HAL_NVIC_SetPriorityGrouping
                0x00000000080017b4       0x16 ./Drivers/STM32F4xx_HAL_Driver/Src/stm32f4xx_hal_cortex.o
                0x00000000080017b4                HAL_NVIC_SetPriorityGrouping
 .text.HAL_NVIC_SetPriority
                0x00000000080017ca       0x38 ./Drivers/STM32F4xx_HAL_Driver/Src/stm32f4xx_hal_cortex.o
                0x00000000080017ca                HAL_NVIC_SetPriority
 .text.HAL_NVIC_EnableIRQ
                0x0000000008001802       0x1c ./Drivers/STM32F4xx_HAL_Driver/Src/stm32f4xx_hal_cortex.o
                0x0000000008001802                HAL_NVIC_EnableIRQ
 .text.HAL_SYSTICK_Config
                0x000000000800181e       0x18 ./Drivers/STM32F4xx_HAL_Driver/Src/stm32f4xx_hal_cortex.o
                0x000000000800181e                HAL_SYSTICK_Config
 *fill*         0x0000000008001836        0x2 
 .text.HAL_DMA_Init
                0x0000000008001838      0x15c ./Drivers/STM32F4xx_HAL_Driver/Src/stm32f4xx_hal_dma.o
                0x0000000008001838                HAL_DMA_Init
 .text.HAL_DMA_Start_IT
                0x0000000008001994       0xb0 ./Drivers/STM32F4xx_HAL_Driver/Src/stm32f4xx_hal_dma.o
                0x0000000008001994                HAL_DMA_Start_IT
 .text.HAL_DMA_Abort_IT
                0x0000000008001a44       0x44 ./Drivers/STM32F4xx_HAL_Driver/Src/stm32f4xx_hal_dma.o
                0x0000000008001a44                HAL_DMA_Abort_IT
 .text.HAL_DMA_IRQHandler
                0x0000000008001a88      0x314 ./Drivers/STM32F4xx_HAL_Driver/Src/stm32f4xx_hal_dma.o
                0x0000000008001a88                HAL_DMA_IRQHandler
 .text.HAL_DMA_GetError
                0x0000000008001d9c       0x18 ./Drivers/STM32F4xx_HAL_Driver/Src/stm32f4xx_hal_dma.o
                0x0000000008001d9c                HAL_DMA_GetError
 .text.DMA_SetConfig
                0x0000000008001db4       0x5c ./Drivers/STM32F4xx_HAL_Driver/Src/stm32f4xx_hal_dma.o
 .text.DMA_CalcBaseAndBitshift
                0x0000000008001e10       0x6c ./Drivers/STM32F4xx_HAL_Driver/Src/stm32f4xx_hal_dma.o
 .text.DMA_CheckFifoParam
                0x0000000008001e7c       0xf8 ./Drivers/STM32F4xx_HAL_Driver/Src/stm32f4xx_hal_dma.o
 .text.HAL_GPIO_Init
                0x0000000008001f74      0x338 ./Drivers/STM32F4xx_HAL_Driver/Src/stm32f4xx_hal_gpio.o
                0x0000000008001f74                HAL_GPIO_Init
 .text.HAL_GPIO_WritePin
                0x00000000080022ac       0x32 ./Drivers/STM32F4xx_HAL_Driver/Src/stm32f4xx_hal_gpio.o
                0x00000000080022ac                HAL_GPIO_WritePin
 .text.HAL_GPIO_TogglePin
                0x00000000080022de       0x34 ./Drivers/STM32F4xx_HAL_Driver/Src/stm32f4xx_hal_gpio.o
                0x00000000080022de                HAL_GPIO_TogglePin
 *fill*         0x0000000008002312        0x2 
 .text.HAL_RCC_OscConfig
                0x0000000008002314      0x4f0 ./Drivers/STM32F4xx_HAL_Driver/Src/stm32f4xx_hal_rcc.o
                0x0000000008002314                HAL_RCC_OscConfig
 .text.HAL_RCC_ClockConfig
                0x0000000008002804      0x1cc ./Drivers/STM32F4xx_HAL_Driver/Src/stm32f4xx_hal_rcc.o
                0x0000000008002804                HAL_RCC_ClockConfig
 .text.HAL_RCC_GetSysClockFreq
                0x00000000080029d0      0x1c4 ./Drivers/STM32F4xx_HAL_Driver/Src/stm32f4xx_hal_rcc.o
                0x00000000080029d0                HAL_RCC_GetSysClockFreq
 .text.HAL_RCC_GetHCLKFreq
                0x0000000008002b94       0x18 ./Drivers/STM32F4xx_HAL_Driver/Src/stm32f4xx_hal_rcc.o
                0x0000000008002b94                HAL_RCC_GetHCLKFreq
 .text.HAL_RCC_GetPCLK1Freq
                0x0000000008002bac       0x28 ./Drivers/STM32F4xx_HAL_Driver/Src/stm32f4xx_hal_rcc.o
                0x0000000008002bac                HAL_RCC_GetPCLK1Freq
 .text.HAL_RCC_GetPCLK2Freq
                0x0000000008002bd4       0x28 ./Drivers/STM32F4xx_HAL_Driver/Src/stm32f4xx_hal_rcc.o
                0x0000000008002bd4                HAL_RCC_GetPCLK2Freq
 .text.HAL_SD_Init
                0x0000000008002bfc       0x60 ./Drivers/STM32F4xx_HAL_Driver/Src/stm32f4xx_hal_sd.o
                0x0000000008002bfc                HAL_SD_Init
 .text.HAL_SD_InitCard
                0x0000000008002c5c       0xfc ./Drivers/STM32F4xx_HAL_Driver/Src/stm32f4xx_hal_sd.o
                0x0000000008002c5c                HAL_SD_InitCard
 .text.HAL_SD_ReadBlocks_DMA
                0x0000000008002d58      0x1c4 ./Drivers/STM32F4xx_HAL_Driver/Src/stm32f4xx_hal_sd.o
                0x0000000008002d58                HAL_SD_ReadBlocks_DMA
 .text.HAL_SD_WriteBlocks_DMA
                0x0000000008002f1c      0x1cc ./Drivers/STM32F4xx_HAL_Driver/Src/stm32f4xx_hal_sd.o
                0x0000000008002f1c                HAL_SD_WriteBlocks_DMA
 .text.HAL_SD_IRQHandler
                0x00000000080030e8      0x30c ./Drivers/STM32F4xx_HAL_Driver/Src/stm32f4xx_hal_sd.o
                0x00000000080030e8                HAL_SD_IRQHandler
 .text.HAL_SD_ErrorCallback
                0x00000000080033f4       0x14 ./Drivers/STM32F4xx_HAL_Driver/Src/stm32f4xx_hal_sd.o
                0x00000000080033f4                HAL_SD_ErrorCallback
 .text.HAL_SD_GetCardCSD
                0x0000000008003408      0x348 ./Drivers/STM32F4xx_HAL_Driver/Src/stm32f4xx_hal_sd.o
                0x0000000008003408                HAL_SD_GetCardCSD
 .text.HAL_SD_GetCardInfo
                0x0000000008003750       0x58 ./Drivers/STM32F4xx_HAL_Driver/Src/stm32f4xx_hal_sd.o
                0x0000000008003750                HAL_SD_GetCardInfo
 .text.HAL_SD_ConfigWideBusOperation
                0x00000000080037a8      0x134 ./Drivers/STM32F4xx_HAL_Driver/Src/stm32f4xx_hal_sd.o
                0x00000000080037a8                HAL_SD_ConfigWideBusOperation
 .text.HAL_SD_GetCardState
                0x00000000080038dc       0x40 ./Drivers/STM32F4xx_HAL_Driver/Src/stm32f4xx_hal_sd.o
                0x00000000080038dc                HAL_SD_GetCardState
 .text.SD_DMATransmitCplt
                0x000000000800391c       0x2a ./Drivers/STM32F4xx_HAL_Driver/Src/stm32f4xx_hal_sd.o
 .text.SD_DMAReceiveCplt
                0x0000000008003946       0x70 ./Drivers/STM32F4xx_HAL_Driver/Src/stm32f4xx_hal_sd.o
 *fill*         0x00000000080039b6        0x2 
 .text.SD_DMAError
                0x00000000080039b8       0xa4 ./Drivers/STM32F4xx_HAL_Driver/Src/stm32f4xx_hal_sd.o
 .text.SD_DMATxAbort
                0x0000000008003a5c       0x6e ./Drivers/STM32F4xx_HAL_Driver/Src/stm32f4xx_hal_sd.o
 .text.SD_DMARxAbort
                0x0000000008003aca       0x6e ./Drivers/STM32F4xx_HAL_Driver/Src/stm32f4xx_hal_sd.o
 .text.SD_InitCard
                0x0000000008003b38      0x198 ./Drivers/STM32F4xx_HAL_Driver/Src/stm32f4xx_hal_sd.o
 .text.SD_PowerON
                0x0000000008003cd0      0x11c ./Drivers/STM32F4xx_HAL_Driver/Src/stm32f4xx_hal_sd.o
 .text.SD_SendStatus
                0x0000000008003dec       0x50 ./Drivers/STM32F4xx_HAL_Driver/Src/stm32f4xx_hal_sd.o
 .text.SD_WideBus_Enable
                0x0000000008003e3c       0x96 ./Drivers/STM32F4xx_HAL_Driver/Src/stm32f4xx_hal_sd.o
 .text.SD_WideBus_Disable
                0x0000000008003ed2       0x96 ./Drivers/STM32F4xx_HAL_Driver/Src/stm32f4xx_hal_sd.o
 .text.SD_FindSCR
                0x0000000008003f68      0x1a6 ./Drivers/STM32F4xx_HAL_Driver/Src/stm32f4xx_hal_sd.o
 .text.SD_Read_IT
                0x000000000800410e       0xa2 ./Drivers/STM32F4xx_HAL_Driver/Src/stm32f4xx_hal_sd.o
 .text.SD_Write_IT
                0x00000000080041b0       0xaa ./Drivers/STM32F4xx_HAL_Driver/Src/stm32f4xx_hal_sd.o
 .text.HAL_UART_Init
                0x000000000800425a       0x9a ./Drivers/STM32F4xx_HAL_Driver/Src/stm32f4xx_hal_uart.o
                0x000000000800425a                HAL_UART_Init
 .text.HAL_UART_Transmit
                0x00000000080042f4      0x124 ./Drivers/STM32F4xx_HAL_Driver/Src/stm32f4xx_hal_uart.o
                0x00000000080042f4                HAL_UART_Transmit
 .text.UART_WaitOnFlagUntilTimeout
                0x0000000008004418       0xdc ./Drivers/STM32F4xx_HAL_Driver/Src/stm32f4xx_hal_uart.o
 .text.UART_SetConfig
                0x00000000080044f4      0x390 ./Drivers/STM32F4xx_HAL_Driver/Src/stm32f4xx_hal_uart.o
 .text.SDIO_Init
                0x0000000008004884       0x56 ./Drivers/STM32F4xx_HAL_Driver/Src/stm32f4xx_ll_sdmmc.o
                0x0000000008004884                SDIO_Init
 .text.SDIO_ReadFIFO
                0x00000000080048da       0x1a ./Drivers/STM32F4xx_HAL_Driver/Src/stm32f4xx_ll_sdmmc.o
                0x00000000080048da                SDIO_ReadFIFO
 .text.SDIO_WriteFIFO
                0x00000000080048f4       0x22 ./Drivers/STM32F4xx_HAL_Driver/Src/stm32f4xx_ll_sdmmc.o
                0x00000000080048f4                SDIO_WriteFIFO
 .text.SDIO_PowerState_ON
                0x0000000008004916       0x1e ./Drivers/STM32F4xx_HAL_Driver/Src/stm32f4xx_ll_sdmmc.o
                0x0000000008004916                SDIO_PowerState_ON
 .text.SDIO_GetPowerState
                0x0000000008004934       0x1c ./Drivers/STM32F4xx_HAL_Driver/Src/stm32f4xx_ll_sdmmc.o
                0x0000000008004934                SDIO_GetPowerState
 .text.SDIO_SendCommand
                0x0000000008004950       0x54 ./Drivers/STM32F4xx_HAL_Driver/Src/stm32f4xx_ll_sdmmc.o
                0x0000000008004950                SDIO_SendCommand
 .text.SDIO_GetCommandResponse
                0x00000000080049a4       0x1a ./Drivers/STM32F4xx_HAL_Driver/Src/stm32f4xx_ll_sdmmc.o
                0x00000000080049a4                SDIO_GetCommandResponse
 .text.SDIO_GetResponse
                0x00000000080049be       0x26 ./Drivers/STM32F4xx_HAL_Driver/Src/stm32f4xx_ll_sdmmc.o
                0x00000000080049be                SDIO_GetResponse
 .text.SDIO_ConfigData
                0x00000000080049e4       0x58 ./Drivers/STM32F4xx_HAL_Driver/Src/stm32f4xx_ll_sdmmc.o
                0x00000000080049e4                SDIO_ConfigData
 .text.SDMMC_CmdBlockLength
                0x0000000008004a3c       0x44 ./Drivers/STM32F4xx_HAL_Driver/Src/stm32f4xx_ll_sdmmc.o
                0x0000000008004a3c                SDMMC_CmdBlockLength
 .text.SDMMC_CmdReadSingleBlock
                0x0000000008004a80       0x44 ./Drivers/STM32F4xx_HAL_Driver/Src/stm32f4xx_ll_sdmmc.o
                0x0000000008004a80                SDMMC_CmdReadSingleBlock
 .text.SDMMC_CmdReadMultiBlock
                0x0000000008004ac4       0x44 ./Drivers/STM32F4xx_HAL_Driver/Src/stm32f4xx_ll_sdmmc.o
                0x0000000008004ac4                SDMMC_CmdReadMultiBlock
 .text.SDMMC_CmdWriteSingleBlock
                0x0000000008004b08       0x44 ./Drivers/STM32F4xx_HAL_Driver/Src/stm32f4xx_ll_sdmmc.o
                0x0000000008004b08                SDMMC_CmdWriteSingleBlock
 .text.SDMMC_CmdWriteMultiBlock
                0x0000000008004b4c       0x44 ./Drivers/STM32F4xx_HAL_Driver/Src/stm32f4xx_ll_sdmmc.o
                0x0000000008004b4c                SDMMC_CmdWriteMultiBlock
 .text.SDMMC_CmdStopTransfer
                0x0000000008004b90       0x44 ./Drivers/STM32F4xx_HAL_Driver/Src/stm32f4xx_ll_sdmmc.o
                0x0000000008004b90                SDMMC_CmdStopTransfer
 .text.SDMMC_CmdSelDesel
                0x0000000008004bd4       0x46 ./Drivers/STM32F4xx_HAL_Driver/Src/stm32f4xx_ll_sdmmc.o
                0x0000000008004bd4                SDMMC_CmdSelDesel
 .text.SDMMC_CmdGoIdleState
                0x0000000008004c1a       0x3c ./Drivers/STM32F4xx_HAL_Driver/Src/stm32f4xx_ll_sdmmc.o
                0x0000000008004c1a                SDMMC_CmdGoIdleState
 .text.SDMMC_CmdOperCond
                0x0000000008004c56       0x3e ./Drivers/STM32F4xx_HAL_Driver/Src/stm32f4xx_ll_sdmmc.o
                0x0000000008004c56                SDMMC_CmdOperCond
 .text.SDMMC_CmdAppCommand
                0x0000000008004c94       0x44 ./Drivers/STM32F4xx_HAL_Driver/Src/stm32f4xx_ll_sdmmc.o
                0x0000000008004c94                SDMMC_CmdAppCommand
 .text.SDMMC_CmdAppOperCommand
                0x0000000008004cd8       0x46 ./Drivers/STM32F4xx_HAL_Driver/Src/stm32f4xx_ll_sdmmc.o
                0x0000000008004cd8                SDMMC_CmdAppOperCommand
 .text.SDMMC_CmdBusWidth
                0x0000000008004d1e       0x44 ./Drivers/STM32F4xx_HAL_Driver/Src/stm32f4xx_ll_sdmmc.o
                0x0000000008004d1e                SDMMC_CmdBusWidth
 .text.SDMMC_CmdSendSCR
                0x0000000008004d62       0x42 ./Drivers/STM32F4xx_HAL_Driver/Src/stm32f4xx_ll_sdmmc.o
                0x0000000008004d62                SDMMC_CmdSendSCR
 .text.SDMMC_CmdSendCID
                0x0000000008004da4       0x3c ./Drivers/STM32F4xx_HAL_Driver/Src/stm32f4xx_ll_sdmmc.o
                0x0000000008004da4                SDMMC_CmdSendCID
 .text.SDMMC_CmdSendCSD
                0x0000000008004de0       0x3e ./Drivers/STM32F4xx_HAL_Driver/Src/stm32f4xx_ll_sdmmc.o
                0x0000000008004de0                SDMMC_CmdSendCSD
 .text.SDMMC_CmdSetRelAdd
                0x0000000008004e1e       0x42 ./Drivers/STM32F4xx_HAL_Driver/Src/stm32f4xx_ll_sdmmc.o
                0x0000000008004e1e                SDMMC_CmdSetRelAdd
 .text.SDMMC_CmdSendStatus
                0x0000000008004e60       0x44 ./Drivers/STM32F4xx_HAL_Driver/Src/stm32f4xx_ll_sdmmc.o
                0x0000000008004e60                SDMMC_CmdSendStatus
 .text.SDMMC_GetCmdError
                0x0000000008004ea4       0x58 ./Drivers/STM32F4xx_HAL_Driver/Src/stm32f4xx_ll_sdmmc.o
 .text.SDMMC_GetCmdResp1
                0x0000000008004efc      0x1dc ./Drivers/STM32F4xx_HAL_Driver/Src/stm32f4xx_ll_sdmmc.o
 .text.SDMMC_GetCmdResp2
                0x00000000080050d8       0x90 ./Drivers/STM32F4xx_HAL_Driver/Src/stm32f4xx_ll_sdmmc.o
 .text.SDMMC_GetCmdResp3
                0x0000000008005168       0x7c ./Drivers/STM32F4xx_HAL_Driver/Src/stm32f4xx_ll_sdmmc.o
 .text.SDMMC_GetCmdResp6
                0x00000000080051e4       0xec ./Drivers/STM32F4xx_HAL_Driver/Src/stm32f4xx_ll_sdmmc.o
 .text.SDMMC_GetCmdResp7
                0x00000000080052d0       0x9c ./Drivers/STM32F4xx_HAL_Driver/Src/stm32f4xx_ll_sdmmc.o
 .text.MX_FATFS_Init
                0x000000000800536c       0x24 ./FATFS/App/fatfs.o
                0x000000000800536c                MX_FATFS_Init
 .text.get_fattime
                0x0000000008005390       0x10 ./FATFS/App/fatfs.o
                0x0000000008005390                get_fattime
 .text.BSP_SD_Init
                0x00000000080053a0       0x4c ./FATFS/Target/bsp_driver_sd.o
                0x00000000080053a0                BSP_SD_Init
 .text.BSP_SD_ReadBlocks_DMA
                0x00000000080053ec       0x34 ./FATFS/Target/bsp_driver_sd.o
                0x00000000080053ec                BSP_SD_ReadBlocks_DMA
 .text.BSP_SD_WriteBlocks_DMA
                0x0000000008005420       0x34 ./FATFS/Target/bsp_driver_sd.o
                0x0000000008005420                BSP_SD_WriteBlocks_DMA
 .text.BSP_SD_GetCardState
                0x0000000008005454       0x20 ./FATFS/Target/bsp_driver_sd.o
                0x0000000008005454                BSP_SD_GetCardState
 .text.BSP_SD_GetCardInfo
                0x0000000008005474       0x1c ./FATFS/Target/bsp_driver_sd.o
                0x0000000008005474                BSP_SD_GetCardInfo
 .text.HAL_SD_AbortCallback
                0x0000000008005490       0x14 ./FATFS/Target/bsp_driver_sd.o
                0x0000000008005490                HAL_SD_AbortCallback
 .text.HAL_SD_TxCpltCallback
                0x00000000080054a4       0x14 ./FATFS/Target/bsp_driver_sd.o
                0x00000000080054a4                HAL_SD_TxCpltCallback
 .text.HAL_SD_RxCpltCallback
                0x00000000080054b8       0x14 ./FATFS/Target/bsp_driver_sd.o
                0x00000000080054b8                HAL_SD_RxCpltCallback
 .text.BSP_SD_AbortCallback
                0x00000000080054cc        0xe ./FATFS/Target/bsp_driver_sd.o
                0x00000000080054cc                BSP_SD_AbortCallback
 .text.BSP_SD_IsDetected
                0x00000000080054da       0x1a ./FATFS/Target/bsp_driver_sd.o
                0x00000000080054da                BSP_SD_IsDetected
 .text.SD_CheckStatusWithTimeout
                0x00000000080054f4       0x3a ./FATFS/Target/sd_diskio.o
 *fill*         0x000000000800552e        0x2 
 .text.SD_CheckStatus
                0x0000000008005530       0x3c ./FATFS/Target/sd_diskio.o
 .text.SD_initialize
                0x000000000800556c       0x84 ./FATFS/Target/sd_diskio.o
                0x000000000800556c                SD_initialize
 .text.SD_status
                0x00000000080055f0       0x1c ./FATFS/Target/sd_diskio.o
                0x00000000080055f0                SD_status
 .text.SD_read  0x000000000800560c       0x94 ./FATFS/Target/sd_diskio.o
                0x000000000800560c                SD_read
 .text.SD_write
                0x00000000080056a0       0x90 ./FATFS/Target/sd_diskio.o
                0x00000000080056a0                SD_write
 .text.SD_ioctl
                0x0000000008005730       0xb0 ./FATFS/Target/sd_diskio.o
                0x0000000008005730                SD_ioctl
 .text.BSP_SD_WriteCpltCallback
                0x00000000080057e0       0x24 ./FATFS/Target/sd_diskio.o
                0x00000000080057e0                BSP_SD_WriteCpltCallback
 .text.BSP_SD_ReadCpltCallback
                0x0000000008005804       0x24 ./FATFS/Target/sd_diskio.o
                0x0000000008005804                BSP_SD_ReadCpltCallback
 .text.disk_status
                0x0000000008005828       0x34 ./Middlewares/Third_Party/FatFs/src/diskio.o
                0x0000000008005828                disk_status
 .text.disk_initialize
                0x000000000800585c       0x4c ./Middlewares/Third_Party/FatFs/src/diskio.o
                0x000000000800585c                disk_initialize
 .text.disk_read
                0x00000000080058a8       0x40 ./Middlewares/Third_Party/FatFs/src/diskio.o
                0x00000000080058a8                disk_read
 .text.disk_write
                0x00000000080058e8       0x40 ./Middlewares/Third_Party/FatFs/src/diskio.o
                0x00000000080058e8                disk_write
 .text.disk_ioctl
                0x0000000008005928       0x3c ./Middlewares/Third_Party/FatFs/src/diskio.o
                0x0000000008005928                disk_ioctl
 .text.ld_word  0x0000000008005964       0x30 ./Middlewares/Third_Party/FatFs/src/ff.o
 .text.ld_dword
                0x0000000008005994       0x46 ./Middlewares/Third_Party/FatFs/src/ff.o
 .text.st_word  0x00000000080059da       0x36 ./Middlewares/Third_Party/FatFs/src/ff.o
 .text.st_dword
                0x0000000008005a10       0x58 ./Middlewares/Third_Party/FatFs/src/ff.o
 .text.mem_cpy  0x0000000008005a68       0x42 ./Middlewares/Third_Party/FatFs/src/ff.o
 .text.mem_set  0x0000000008005aaa       0x36 ./Middlewares/Third_Party/FatFs/src/ff.o
 .text.mem_cmp  0x0000000008005ae0       0x4e ./Middlewares/Third_Party/FatFs/src/ff.o
 .text.chk_chr  0x0000000008005b2e       0x36 ./Middlewares/Third_Party/FatFs/src/ff.o
 .text.lock_fs  0x0000000008005b64       0x2c ./Middlewares/Third_Party/FatFs/src/ff.o
 .text.unlock_fs
                0x0000000008005b90       0x36 ./Middlewares/Third_Party/FatFs/src/ff.o
 *fill*         0x0000000008005bc6        0x2 
 .text.chk_lock
                0x0000000008005bc8       0xb8 ./Middlewares/Third_Party/FatFs/src/ff.o
 .text.enq_lock
                0x0000000008005c80       0x44 ./Middlewares/Third_Party/FatFs/src/ff.o
 .text.inc_lock
                0x0000000008005cc4      0x11c ./Middlewares/Third_Party/FatFs/src/ff.o
 .text.dec_lock
                0x0000000008005de0       0x78 ./Middlewares/Third_Party/FatFs/src/ff.o
 .text.clear_lock
                0x0000000008005e58       0x48 ./Middlewares/Third_Party/FatFs/src/ff.o
 .text.sync_window
                0x0000000008005ea0       0x88 ./Middlewares/Third_Party/FatFs/src/ff.o
 .text.move_window
                0x0000000008005f28       0x5a ./Middlewares/Third_Party/FatFs/src/ff.o
 *fill*         0x0000000008005f82        0x2 
 .text.sync_fs  0x0000000008005f84       0xe0 ./Middlewares/Third_Party/FatFs/src/ff.o
 .text.clust2sect
                0x0000000008006064       0x3e ./Middlewares/Third_Party/FatFs/src/ff.o
 .text.get_fat  0x00000000080060a2      0x1a8 ./Middlewares/Third_Party/FatFs/src/ff.o
 .text.put_fat  0x000000000800624a      0x238 ./Middlewares/Third_Party/FatFs/src/ff.o
 .text.remove_chain
                0x0000000008006482       0xca ./Middlewares/Third_Party/FatFs/src/ff.o
 .text.create_chain
                0x000000000800654c      0x130 ./Middlewares/Third_Party/FatFs/src/ff.o
 .text.dir_sdi  0x000000000800667c      0x112 ./Middlewares/Third_Party/FatFs/src/ff.o
 .text.dir_next
                0x000000000800678e      0x1ac ./Middlewares/Third_Party/FatFs/src/ff.o
 .text.dir_alloc
                0x000000000800693a       0x8e ./Middlewares/Third_Party/FatFs/src/ff.o
 .text.ld_clust
                0x00000000080069c8       0x3e ./Middlewares/Third_Party/FatFs/src/ff.o
 .text.st_clust
                0x0000000008006a06       0x40 ./Middlewares/Third_Party/FatFs/src/ff.o
 .text.dir_find
                0x0000000008006a46       0xaa ./Middlewares/Third_Party/FatFs/src/ff.o
 .text.dir_register
                0x0000000008006af0       0x64 ./Middlewares/Third_Party/FatFs/src/ff.o
 .text.create_name
                0x0000000008006b54      0x128 ./Middlewares/Third_Party/FatFs/src/ff.o
 .text.follow_path
                0x0000000008006c7c       0xec ./Middlewares/Third_Party/FatFs/src/ff.o
 .text.get_ldnumber
                0x0000000008006d68       0x88 ./Middlewares/Third_Party/FatFs/src/ff.o
 .text.check_fs
                0x0000000008006df0       0xac ./Middlewares/Third_Party/FatFs/src/ff.o
 .text.find_volume
                0x0000000008006e9c      0x514 ./Middlewares/Third_Party/FatFs/src/ff.o
 .text.validate
                0x00000000080073b0       0x8e ./Middlewares/Third_Party/FatFs/src/ff.o
 *fill*         0x000000000800743e        0x2 
 .text.f_mount  0x0000000008007440       0xc8 ./Middlewares/Third_Party/FatFs/src/ff.o
                0x0000000008007440                f_mount
 .text.f_open   0x0000000008007508      0x3a6 ./Middlewares/Third_Party/FatFs/src/ff.o
                0x0000000008007508                f_open
 .text.f_sync   0x00000000080078ae      0x112 ./Middlewares/Third_Party/FatFs/src/ff.o
                0x00000000080078ae                f_sync
 .text.f_close  0x00000000080079c0       0x5e ./Middlewares/Third_Party/FatFs/src/ff.o
                0x00000000080079c0                f_close
 *fill*         0x0000000008007a1e        0x2 
 .text.FATFS_LinkDriverEx
                0x0000000008007a20       0x98 ./Middlewares/Third_Party/FatFs/src/ff_gen_drv.o
                0x0000000008007a20                FATFS_LinkDriverEx
 .text.FATFS_LinkDriver
                0x0000000008007ab8       0x1e ./Middlewares/Third_Party/FatFs/src/ff_gen_drv.o
                0x0000000008007ab8                FATFS_LinkDriver
 .text.ff_cre_syncobj
                0x0000000008007ad6       0x36 ./Middlewares/Third_Party/FatFs/src/option/syscall.o
                0x0000000008007ad6                ff_cre_syncobj
 .text.ff_del_syncobj
                0x0000000008007b0c       0x18 ./Middlewares/Third_Party/FatFs/src/option/syscall.o
                0x0000000008007b0c                ff_del_syncobj
 .text.ff_req_grant
                0x0000000008007b24       0x2a ./Middlewares/Third_Party/FatFs/src/option/syscall.o
                0x0000000008007b24                ff_req_grant
 .text.ff_rel_grant
                0x0000000008007b4e       0x16 ./Middlewares/Third_Party/FatFs/src/option/syscall.o
                0x0000000008007b4e                ff_rel_grant
 .text.__NVIC_SetPriority
                0x0000000008007b64       0x54 ./Middlewares/Third_Party/FreeRTOS/Source/CMSIS_RTOS_V2/cmsis_os2.o
 .text.SVC_Setup
                0x0000000008007bb8       0x12 ./Middlewares/Third_Party/FreeRTOS/Source/CMSIS_RTOS_V2/cmsis_os2.o
 *fill*         0x0000000008007bca        0x2 
 .text.osKernelInitialize
                0x0000000008007bcc       0x48 ./Middlewares/Third_Party/FreeRTOS/Source/CMSIS_RTOS_V2/cmsis_os2.o
                0x0000000008007bcc                osKernelInitialize
 .text.osKernelGetState
                0x0000000008007c14       0x44 ./Middlewares/Third_Party/FreeRTOS/Source/CMSIS_RTOS_V2/cmsis_os2.o
                0x0000000008007c14                osKernelGetState
 .text.osKernelStart
                0x0000000008007c58       0x4c ./Middlewares/Third_Party/FreeRTOS/Source/CMSIS_RTOS_V2/cmsis_os2.o
                0x0000000008007c58                osKernelStart
 .text.osKernelGetTickCount
                0x0000000008007ca4       0x2a ./Middlewares/Third_Party/FreeRTOS/Source/CMSIS_RTOS_V2/cmsis_os2.o
                0x0000000008007ca4                osKernelGetTickCount
 .text.osThreadNew
                0x0000000008007cce      0x124 ./Middlewares/Third_Party/FreeRTOS/Source/CMSIS_RTOS_V2/cmsis_os2.o
                0x0000000008007cce                osThreadNew
 .text.osDelay  0x0000000008007df2       0x36 ./Middlewares/Third_Party/FreeRTOS/Source/CMSIS_RTOS_V2/cmsis_os2.o
                0x0000000008007df2                osDelay
 .text.TimerCallback
                0x0000000008007e28       0x2a ./Middlewares/Third_Party/FreeRTOS/Source/CMSIS_RTOS_V2/cmsis_os2.o
 *fill*         0x0000000008007e52        0x2 
 .text.osTimerNew
                0x0000000008007e54       0xf8 ./Middlewares/Third_Party/FreeRTOS/Source/CMSIS_RTOS_V2/cmsis_os2.o
                0x0000000008007e54                osTimerNew
 .text.osTimerStart
                0x0000000008007f4c       0x5c ./Middlewares/Third_Party/FreeRTOS/Source/CMSIS_RTOS_V2/cmsis_os2.o
                0x0000000008007f4c                osTimerStart
 .text.osSemaphoreNew
                0x0000000008007fa8      0x112 ./Middlewares/Third_Party/FreeRTOS/Source/CMSIS_RTOS_V2/cmsis_os2.o
                0x0000000008007fa8                osSemaphoreNew
 *fill*         0x00000000080080ba        0x2 
 .text.osSemaphoreAcquire
                0x00000000080080bc       0xa4 ./Middlewares/Third_Party/FreeRTOS/Source/CMSIS_RTOS_V2/cmsis_os2.o
                0x00000000080080bc                osSemaphoreAcquire
 .text.osSemaphoreRelease
                0x0000000008008160       0x88 ./Middlewares/Third_Party/FreeRTOS/Source/CMSIS_RTOS_V2/cmsis_os2.o
                0x0000000008008160                osSemaphoreRelease
 .text.osSemaphoreDelete
                0x00000000080081e8       0x48 ./Middlewares/Third_Party/FreeRTOS/Source/CMSIS_RTOS_V2/cmsis_os2.o
                0x00000000080081e8                osSemaphoreDelete
 .text.osMessageQueueNew
                0x0000000008008230       0xe6 ./Middlewares/Third_Party/FreeRTOS/Source/CMSIS_RTOS_V2/cmsis_os2.o
                0x0000000008008230                osMessageQueueNew
 *fill*         0x0000000008008316        0x2 
 .text.osMessageQueuePut
                0x0000000008008318       0xc0 ./Middlewares/Third_Party/FreeRTOS/Source/CMSIS_RTOS_V2/cmsis_os2.o
                0x0000000008008318                osMessageQueuePut
 .text.osMessageQueueGet
                0x00000000080083d8       0xbc ./Middlewares/Third_Party/FreeRTOS/Source/CMSIS_RTOS_V2/cmsis_os2.o
                0x00000000080083d8                osMessageQueueGet
 .text.vApplicationGetIdleTaskMemory
                0x0000000008008494       0x34 ./Middlewares/Third_Party/FreeRTOS/Source/CMSIS_RTOS_V2/cmsis_os2.o
                0x0000000008008494                vApplicationGetIdleTaskMemory
 .text.vApplicationGetTimerTaskMemory
                0x00000000080084c8       0x34 ./Middlewares/Third_Party/FreeRTOS/Source/CMSIS_RTOS_V2/cmsis_os2.o
                0x00000000080084c8                vApplicationGetTimerTaskMemory
 .text.vListInitialise
                0x00000000080084fc       0x40 ./Middlewares/Third_Party/FreeRTOS/Source/list.o
                0x00000000080084fc                vListInitialise
 .text.vListInitialiseItem
                0x000000000800853c       0x1a ./Middlewares/Third_Party/FreeRTOS/Source/list.o
                0x000000000800853c                vListInitialiseItem
 .text.vListInsertEnd
                0x0000000008008556       0x48 ./Middlewares/Third_Party/FreeRTOS/Source/list.o
                0x0000000008008556                vListInsertEnd
 .text.vListInsert
                0x000000000800859e       0x72 ./Middlewares/Third_Party/FreeRTOS/Source/list.o
                0x000000000800859e                vListInsert
 .text.uxListRemove
                0x0000000008008610       0x54 ./Middlewares/Third_Party/FreeRTOS/Source/list.o
                0x0000000008008610                uxListRemove
 .text.xQueueGenericReset
                0x0000000008008664       0xd0 ./Middlewares/Third_Party/FreeRTOS/Source/queue.o
                0x0000000008008664                xQueueGenericReset
 .text.xQueueGenericCreateStatic
                0x0000000008008734       0xf0 ./Middlewares/Third_Party/FreeRTOS/Source/queue.o
                0x0000000008008734                xQueueGenericCreateStatic
 .text.xQueueGenericCreate
                0x0000000008008824       0x74 ./Middlewares/Third_Party/FreeRTOS/Source/queue.o
                0x0000000008008824                xQueueGenericCreate
 .text.prvInitialiseNewQueue
                0x0000000008008898       0x46 ./Middlewares/Third_Party/FreeRTOS/Source/queue.o
 .text.xQueueCreateCountingSemaphoreStatic
                0x00000000080088de       0x6e ./Middlewares/Third_Party/FreeRTOS/Source/queue.o
                0x00000000080088de                xQueueCreateCountingSemaphoreStatic
 .text.xQueueCreateCountingSemaphore
                0x000000000800894c       0x66 ./Middlewares/Third_Party/FreeRTOS/Source/queue.o
                0x000000000800894c                xQueueCreateCountingSemaphore
 *fill*         0x00000000080089b2        0x2 
 .text.xQueueGenericSend
                0x00000000080089b4      0x1fc ./Middlewares/Third_Party/FreeRTOS/Source/queue.o
                0x00000000080089b4                xQueueGenericSend
 .text.xQueueGenericSendFromISR
                0x0000000008008bb0      0x136 ./Middlewares/Third_Party/FreeRTOS/Source/queue.o
                0x0000000008008bb0                xQueueGenericSendFromISR
 .text.xQueueGiveFromISR
                0x0000000008008ce6      0x11a ./Middlewares/Third_Party/FreeRTOS/Source/queue.o
                0x0000000008008ce6                xQueueGiveFromISR
 .text.xQueueReceive
                0x0000000008008e00      0x1c0 ./Middlewares/Third_Party/FreeRTOS/Source/queue.o
                0x0000000008008e00                xQueueReceive
 .text.xQueueSemaphoreTake
                0x0000000008008fc0      0x218 ./Middlewares/Third_Party/FreeRTOS/Source/queue.o
                0x0000000008008fc0                xQueueSemaphoreTake
 .text.xQueueReceiveFromISR
                0x00000000080091d8      0x100 ./Middlewares/Third_Party/FreeRTOS/Source/queue.o
                0x00000000080091d8                xQueueReceiveFromISR
 .text.vQueueDelete
                0x00000000080092d8       0x46 ./Middlewares/Third_Party/FreeRTOS/Source/queue.o
                0x00000000080092d8                vQueueDelete
 .text.prvGetDisinheritPriorityAfterTimeout
                0x000000000800931e       0x30 ./Middlewares/Third_Party/FreeRTOS/Source/queue.o
 .text.prvCopyDataToQueue
                0x000000000800934e       0xd4 ./Middlewares/Third_Party/FreeRTOS/Source/queue.o
 .text.prvCopyDataFromQueue
                0x0000000008009422       0x4c ./Middlewares/Third_Party/FreeRTOS/Source/queue.o
 .text.prvUnlockQueue
                0x000000000800946e       0xa4 ./Middlewares/Third_Party/FreeRTOS/Source/queue.o
 .text.prvIsQueueEmpty
                0x0000000008009512       0x2c ./Middlewares/Third_Party/FreeRTOS/Source/queue.o
 .text.prvIsQueueFull
                0x000000000800953e       0x30 ./Middlewares/Third_Party/FreeRTOS/Source/queue.o
 *fill*         0x000000000800956e        0x2 
 .text.vQueueAddToRegistry
                0x0000000008009570       0x54 ./Middlewares/Third_Party/FreeRTOS/Source/queue.o
                0x0000000008009570                vQueueAddToRegistry
 .text.vQueueUnregisterQueue
                0x00000000080095c4       0x54 ./Middlewares/Third_Party/FreeRTOS/Source/queue.o
                0x00000000080095c4                vQueueUnregisterQueue
 .text.vQueueWaitForMessageRestricted
                0x0000000008009618       0x68 ./Middlewares/Third_Party/FreeRTOS/Source/queue.o
                0x0000000008009618                vQueueWaitForMessageRestricted
 .text.xTaskCreateStatic
                0x0000000008009680       0xba ./Middlewares/Third_Party/FreeRTOS/Source/tasks.o
                0x0000000008009680                xTaskCreateStatic
 .text.xTaskCreate
                0x000000000800973a       0x8a ./Middlewares/Third_Party/FreeRTOS/Source/tasks.o
                0x000000000800973a                xTaskCreate
 .text.prvInitialiseNewTask
                0x00000000080097c4      0x11e ./Middlewares/Third_Party/FreeRTOS/Source/tasks.o
 *fill*         0x00000000080098e2        0x2 
 .text.prvAddNewTaskToReadyList
                0x00000000080098e4       0xe0 ./Middlewares/Third_Party/FreeRTOS/Source/tasks.o
 .text.vTaskDelay
                0x00000000080099c4       0x68 ./Middlewares/Third_Party/FreeRTOS/Source/tasks.o
                0x00000000080099c4                vTaskDelay
 .text.vTaskStartScheduler
                0x0000000008009a2c       0xcc ./Middlewares/Third_Party/FreeRTOS/Source/tasks.o
                0x0000000008009a2c                vTaskStartScheduler
 .text.vTaskSuspendAll
                0x0000000008009af8       0x1c ./Middlewares/Third_Party/FreeRTOS/Source/tasks.o
                0x0000000008009af8                vTaskSuspendAll
 .text.xTaskResumeAll
                0x0000000008009b14      0x13c ./Middlewares/Third_Party/FreeRTOS/Source/tasks.o
                0x0000000008009b14                xTaskResumeAll
 .text.xTaskGetTickCount
                0x0000000008009c50       0x20 ./Middlewares/Third_Party/FreeRTOS/Source/tasks.o
                0x0000000008009c50                xTaskGetTickCount
 .text.xTaskGetTickCountFromISR
                0x0000000008009c70       0x24 ./Middlewares/Third_Party/FreeRTOS/Source/tasks.o
                0x0000000008009c70                xTaskGetTickCountFromISR
 .text.xTaskIncrementTick
                0x0000000008009c94      0x174 ./Middlewares/Third_Party/FreeRTOS/Source/tasks.o
                0x0000000008009c94                xTaskIncrementTick
 .text.vTaskSwitchContext
                0x0000000008009e08       0xbc ./Middlewares/Third_Party/FreeRTOS/Source/tasks.o
                0x0000000008009e08                vTaskSwitchContext
 .text.vTaskPlaceOnEventList
                0x0000000008009ec4       0x48 ./Middlewares/Third_Party/FreeRTOS/Source/tasks.o
                0x0000000008009ec4                vTaskPlaceOnEventList
 .text.vTaskPlaceOnEventListRestricted
                0x0000000008009f0c       0x58 ./Middlewares/Third_Party/FreeRTOS/Source/tasks.o
                0x0000000008009f0c                vTaskPlaceOnEventListRestricted
 .text.xTaskRemoveFromEventList
                0x0000000008009f64       0xc8 ./Middlewares/Third_Party/FreeRTOS/Source/tasks.o
                0x0000000008009f64                xTaskRemoveFromEventList
 .text.vTaskInternalSetTimeOutState
                0x000000000800a02c       0x2c ./Middlewares/Third_Party/FreeRTOS/Source/tasks.o
                0x000000000800a02c                vTaskInternalSetTimeOutState
 .text.xTaskCheckForTimeOut
                0x000000000800a058       0xc4 ./Middlewares/Third_Party/FreeRTOS/Source/tasks.o
                0x000000000800a058                xTaskCheckForTimeOut
 .text.vTaskMissedYield
                0x000000000800a11c       0x18 ./Middlewares/Third_Party/FreeRTOS/Source/tasks.o
                0x000000000800a11c                vTaskMissedYield
 .text.prvIdleTask
                0x000000000800a134       0x30 ./Middlewares/Third_Party/FreeRTOS/Source/tasks.o
 .text.prvInitialiseTaskLists
                0x000000000800a164       0x80 ./Middlewares/Third_Party/FreeRTOS/Source/tasks.o
 .text.prvCheckTasksWaitingTermination
                0x000000000800a1e4       0x5c ./Middlewares/Third_Party/FreeRTOS/Source/tasks.o
 .text.prvDeleteTCB
                0x000000000800a240       0x5e ./Middlewares/Third_Party/FreeRTOS/Source/tasks.o
 *fill*         0x000000000800a29e        0x2 
 .text.prvResetNextTaskUnblockTime
                0x000000000800a2a0       0x40 ./Middlewares/Third_Party/FreeRTOS/Source/tasks.o
 .text.xTaskGetSchedulerState
                0x000000000800a2e0       0x3c ./Middlewares/Third_Party/FreeRTOS/Source/tasks.o
                0x000000000800a2e0                xTaskGetSchedulerState
 .text.xTaskPriorityInherit
                0x000000000800a31c       0xd0 ./Middlewares/Third_Party/FreeRTOS/Source/tasks.o
                0x000000000800a31c                xTaskPriorityInherit
 .text.xTaskPriorityDisinherit
                0x000000000800a3ec       0xdc ./Middlewares/Third_Party/FreeRTOS/Source/tasks.o
                0x000000000800a3ec                xTaskPriorityDisinherit
 .text.vTaskPriorityDisinheritAfterTimeout
                0x000000000800a4c8      0x104 ./Middlewares/Third_Party/FreeRTOS/Source/tasks.o
                0x000000000800a4c8                vTaskPriorityDisinheritAfterTimeout
 .text.pvTaskIncrementMutexHeldCount
                0x000000000800a5cc       0x28 ./Middlewares/Third_Party/FreeRTOS/Source/tasks.o
                0x000000000800a5cc                pvTaskIncrementMutexHeldCount
 .text.prvAddCurrentTaskToDelayedList
                0x000000000800a5f4       0xa8 ./Middlewares/Third_Party/FreeRTOS/Source/tasks.o
 .text.xTimerCreateTimerTask
                0x000000000800a69c       0x90 ./Middlewares/Third_Party/FreeRTOS/Source/timers.o
                0x000000000800a69c                xTimerCreateTimerTask
 .text.xTimerCreate
                0x000000000800a72c       0x42 ./Middlewares/Third_Party/FreeRTOS/Source/timers.o
                0x000000000800a72c                xTimerCreate
 .text.xTimerCreateStatic
                0x000000000800a76e       0x7c ./Middlewares/Third_Party/FreeRTOS/Source/timers.o
                0x000000000800a76e                xTimerCreateStatic
 .text.prvInitialiseNewTimer
                0x000000000800a7ea       0x76 ./Middlewares/Third_Party/FreeRTOS/Source/timers.o
 .text.xTimerGenericCommand
                0x000000000800a860       0x9c ./Middlewares/Third_Party/FreeRTOS/Source/timers.o
                0x000000000800a860                xTimerGenericCommand
 .text.prvProcessExpiredTimer
                0x000000000800a8fc       0x98 ./Middlewares/Third_Party/FreeRTOS/Source/timers.o
 .text.prvTimerTask
                0x000000000800a994       0x24 ./Middlewares/Third_Party/FreeRTOS/Source/timers.o
 .text.prvProcessTimerOrBlockTask
                0x000000000800a9b8       0x9c ./Middlewares/Third_Party/FreeRTOS/Source/timers.o
 .text.prvGetNextExpireTime
                0x000000000800aa54       0x48 ./Middlewares/Third_Party/FreeRTOS/Source/timers.o
 .text.prvSampleTimeNow
                0x000000000800aa9c       0x40 ./Middlewares/Third_Party/FreeRTOS/Source/timers.o
 .text.prvInsertTimerInActiveList
                0x000000000800aadc       0x84 ./Middlewares/Third_Party/FreeRTOS/Source/timers.o
 .text.prvProcessReceivedCommands
                0x000000000800ab60      0x1c4 ./Middlewares/Third_Party/FreeRTOS/Source/timers.o
 .text.prvSwitchTimerLists
                0x000000000800ad24       0xc8 ./Middlewares/Third_Party/FreeRTOS/Source/timers.o
 .text.prvCheckForValidListAndQueue
                0x000000000800adec       0x80 ./Middlewares/Third_Party/FreeRTOS/Source/timers.o
 .text.pvTimerGetTimerID
                0x000000000800ae6c       0x40 ./Middlewares/Third_Party/FreeRTOS/Source/timers.o
                0x000000000800ae6c                pvTimerGetTimerID
 .text.pxPortInitialiseStack
                0x000000000800aeac       0x68 ./Middlewares/Third_Party/FreeRTOS/Source/portable/GCC/ARM_CM4F/port.o
                0x000000000800aeac                pxPortInitialiseStack
 .text.prvTaskExitError
                0x000000000800af14       0x58 ./Middlewares/Third_Party/FreeRTOS/Source/portable/GCC/ARM_CM4F/port.o
 *fill*         0x000000000800af6c        0x4 
 .text.SVC_Handler
                0x000000000800af70       0x28 ./Middlewares/Third_Party/FreeRTOS/Source/portable/GCC/ARM_CM4F/port.o
                0x000000000800af70                SVC_Handler
 .text.prvPortStartFirstTask
                0x000000000800af98       0x28 ./Middlewares/Third_Party/FreeRTOS/Source/portable/GCC/ARM_CM4F/port.o
 .text.xPortStartScheduler
                0x000000000800afc0      0x144 ./Middlewares/Third_Party/FreeRTOS/Source/portable/GCC/ARM_CM4F/port.o
                0x000000000800afc0                xPortStartScheduler
 .text.vPortEnterCritical
                0x000000000800b104       0x60 ./Middlewares/Third_Party/FreeRTOS/Source/portable/GCC/ARM_CM4F/port.o
                0x000000000800b104                vPortEnterCritical
 .text.vPortExitCritical
                0x000000000800b164       0x54 ./Middlewares/Third_Party/FreeRTOS/Source/portable/GCC/ARM_CM4F/port.o
                0x000000000800b164                vPortExitCritical
 *fill*         0x000000000800b1b8        0x8 
 .text.PendSV_Handler
                0x000000000800b1c0       0x68 ./Middlewares/Third_Party/FreeRTOS/Source/portable/GCC/ARM_CM4F/port.o
                0x000000000800b1c0                PendSV_Handler
 .text.xPortSysTickHandler
                0x000000000800b228       0x44 ./Middlewares/Third_Party/FreeRTOS/Source/portable/GCC/ARM_CM4F/port.o
                0x000000000800b228                xPortSysTickHandler
 .text.vPortSetupTimerInterrupt
                0x000000000800b26c       0x48 ./Middlewares/Third_Party/FreeRTOS/Source/portable/GCC/ARM_CM4F/port.o
                0x000000000800b26c                vPortSetupTimerInterrupt
 .text.vPortEnableVFP
                0x000000000800b2b4       0x14 ./Middlewares/Third_Party/FreeRTOS/Source/portable/GCC/ARM_CM4F/port.o
 .text.vPortValidateInterruptPriority
                0x000000000800b2c8       0x80 ./Middlewares/Third_Party/FreeRTOS/Source/portable/GCC/ARM_CM4F/port.o
                0x000000000800b2c8                vPortValidateInterruptPriority
 .text.pvPortMalloc
                0x000000000800b348      0x198 ./Middlewares/Third_Party/FreeRTOS/Source/portable/MemMang/heap_4.o
                0x000000000800b348                pvPortMalloc
 .text.vPortFree
                0x000000000800b4e0       0xc4 ./Middlewares/Third_Party/FreeRTOS/Source/portable/MemMang/heap_4.o
                0x000000000800b4e0                vPortFree
 .text.prvHeapInit
                0x000000000800b5a4       0xc4 ./Middlewares/Third_Party/FreeRTOS/Source/portable/MemMang/heap_4.o
 .text.prvInsertBlockIntoFreeList
                0x000000000800b668       0xb4 ./Middlewares/Third_Party/FreeRTOS/Source/portable/MemMang/heap_4.o
 .text.__libc_init_array
                0x000000000800b71c       0x48 /Applications/STM32CubeIDE.app/Contents/Eclipse/plugins/com.st.stm32cube.ide.mcu.externaltools.gnu-tools-for-stm32.9-2020-q2-update.macos64_2.0.0.202105311346/tools/bin/../lib/gcc/arm-none-eabi/9.3.1/../../../../arm-none-eabi/lib/thumb/v7e-m+fp/hard/libc_nano.a(lib_a-init.o)
                0x000000000800b71c                __libc_init_array
 .text.__itoa   0x000000000800b764       0x30 /Applications/STM32CubeIDE.app/Contents/Eclipse/plugins/com.st.stm32cube.ide.mcu.externaltools.gnu-tools-for-stm32.9-2020-q2-update.macos64_2.0.0.202105311346/tools/bin/../lib/gcc/arm-none-eabi/9.3.1/../../../../arm-none-eabi/lib/thumb/v7e-m+fp/hard/libc_nano.a(lib_a-itoa.o)
                0x000000000800b764                __itoa
 .text.itoa     0x000000000800b794        0x4 /Applications/STM32CubeIDE.app/Contents/Eclipse/plugins/com.st.stm32cube.ide.mcu.externaltools.gnu-tools-for-stm32.9-2020-q2-update.macos64_2.0.0.202105311346/tools/bin/../lib/gcc/arm-none-eabi/9.3.1/../../../../arm-none-eabi/lib/thumb/v7e-m+fp/hard/libc_nano.a(lib_a-itoa.o)
                0x000000000800b794                itoa
 .text.memcpy   0x000000000800b798       0x1c /Applications/STM32CubeIDE.app/Contents/Eclipse/plugins/com.st.stm32cube.ide.mcu.externaltools.gnu-tools-for-stm32.9-2020-q2-update.macos64_2.0.0.202105311346/tools/bin/../lib/gcc/arm-none-eabi/9.3.1/../../../../arm-none-eabi/lib/thumb/v7e-m+fp/hard/libc_nano.a(lib_a-memcpy-stub.o)
                0x000000000800b798                memcpy
 .text.memset   0x000000000800b7b4       0x10 /Applications/STM32CubeIDE.app/Contents/Eclipse/plugins/com.st.stm32cube.ide.mcu.externaltools.gnu-tools-for-stm32.9-2020-q2-update.macos64_2.0.0.202105311346/tools/bin/../lib/gcc/arm-none-eabi/9.3.1/../../../../arm-none-eabi/lib/thumb/v7e-m+fp/hard/libc_nano.a(lib_a-memset.o)
                0x000000000800b7b4                memset
 .text.__utoa   0x000000000800b7c4       0x84 /Applications/STM32CubeIDE.app/Contents/Eclipse/plugins/com.st.stm32cube.ide.mcu.externaltools.gnu-tools-for-stm32.9-2020-q2-update.macos64_2.0.0.202105311346/tools/bin/../lib/gcc/arm-none-eabi/9.3.1/../../../../arm-none-eabi/lib/thumb/v7e-m+fp/hard/libc_nano.a(lib_a-utoa.o)
                0x000000000800b7c4                __utoa
 *(.glue_7)
 .glue_7        0x000000000800b848        0x0 linker stubs
 *(.glue_7t)
 .glue_7t       0x000000000800b848        0x0 linker stubs
 *(.eh_frame)
 .eh_frame      0x000000000800b848        0x0 /Applications/STM32CubeIDE.app/Contents/Eclipse/plugins/com.st.stm32cube.ide.mcu.externaltools.gnu-tools-for-stm32.9-2020-q2-update.macos64_2.0.0.202105311346/tools/bin/../lib/gcc/arm-none-eabi/9.3.1/thumb/v7e-m+fp/hard/crtbegin.o
 *(.init)
 .init          0x000000000800b848        0x4 /Applications/STM32CubeIDE.app/Contents/Eclipse/plugins/com.st.stm32cube.ide.mcu.externaltools.gnu-tools-for-stm32.9-2020-q2-update.macos64_2.0.0.202105311346/tools/bin/../lib/gcc/arm-none-eabi/9.3.1/thumb/v7e-m+fp/hard/crti.o
                0x000000000800b848                _init
 .init          0x000000000800b84c        0x8 /Applications/STM32CubeIDE.app/Contents/Eclipse/plugins/com.st.stm32cube.ide.mcu.externaltools.gnu-tools-for-stm32.9-2020-q2-update.macos64_2.0.0.202105311346/tools/bin/../lib/gcc/arm-none-eabi/9.3.1/thumb/v7e-m+fp/hard/crtn.o
 *(.fini)
 .fini          0x000000000800b854        0x4 /Applications/STM32CubeIDE.app/Contents/Eclipse/plugins/com.st.stm32cube.ide.mcu.externaltools.gnu-tools-for-stm32.9-2020-q2-update.macos64_2.0.0.202105311346/tools/bin/../lib/gcc/arm-none-eabi/9.3.1/thumb/v7e-m+fp/hard/crti.o
                0x000000000800b854                _fini
 .fini          0x000000000800b858        0x8 /Applications/STM32CubeIDE.app/Contents/Eclipse/plugins/com.st.stm32cube.ide.mcu.externaltools.gnu-tools-for-stm32.9-2020-q2-update.macos64_2.0.0.202105311346/tools/bin/../lib/gcc/arm-none-eabi/9.3.1/thumb/v7e-m+fp/hard/crtn.o
                0x000000000800b860                . = ALIGN (0x4)
                0x000000000800b860                _etext = .

.vfp11_veneer   0x000000000800b860        0x0
 .vfp11_veneer  0x000000000800b860        0x0 linker stubs

.v4_bx          0x000000000800b860        0x0
 .v4_bx         0x000000000800b860        0x0 linker stubs

.iplt           0x000000000800b860        0x0
 .iplt          0x000000000800b860        0x0 /Applications/STM32CubeIDE.app/Contents/Eclipse/plugins/com.st.stm32cube.ide.mcu.externaltools.gnu-tools-for-stm32.9-2020-q2-update.macos64_2.0.0.202105311346/tools/bin/../lib/gcc/arm-none-eabi/9.3.1/thumb/v7e-m+fp/hard/crtbegin.o

.rodata         0x000000000800b860      0x248
                0x000000000800b860                . = ALIGN (0x4)
 *(.rodata)
 .rodata        0x000000000800b860       0xca ./Core/Src/main.o
 *fill*         0x000000000800b92a        0x2 
 .rodata        0x000000000800b92c       0x44 ./Middlewares/Third_Party/FatFs/src/ff.o
 .rodata        0x000000000800b970        0x5 ./Middlewares/Third_Party/FreeRTOS/Source/tasks.o
 *fill*         0x000000000800b975        0x3 
 .rodata        0x000000000800b978        0xd ./Middlewares/Third_Party/FreeRTOS/Source/timers.o
 *(.rodata*)
 *fill*         0x000000000800b985        0x3 
 .rodata.defaultTask_attributes
                0x000000000800b988       0x24 ./Core/Src/main.o
                0x000000000800b988                defaultTask_attributes
 .rodata.audio_timer_attributes
                0x000000000800b9ac       0x10 ./Core/Src/main.o
                0x000000000800b9ac                audio_timer_attributes
 .rodata.record_semaphore_attributes
                0x000000000800b9bc       0x10 ./Core/Src/main.o
                0x000000000800b9bc                record_semaphore_attributes
 .rodata.AHBPrescTable
                0x000000000800b9cc       0x10 ./Core/Src/system_stm32f4xx.o
                0x000000000800b9cc                AHBPrescTable
 .rodata.APBPrescTable
                0x000000000800b9dc        0x8 ./Core/Src/system_stm32f4xx.o
                0x000000000800b9dc                APBPrescTable
 .rodata.flagBitshiftOffset.8606
                0x000000000800b9e4        0x8 ./Drivers/STM32F4xx_HAL_Driver/Src/stm32f4xx_hal_dma.o
 .rodata.SD_Driver
                0x000000000800b9ec       0x14 ./FATFS/Target/sd_diskio.o
                0x000000000800b9ec                SD_Driver
 .rodata.ExCvt  0x000000000800ba00       0x80 ./Middlewares/Third_Party/FatFs/src/ff.o
 .rodata.__utoa.str1.1
                0x000000000800ba80       0x25 /Applications/STM32CubeIDE.app/Contents/Eclipse/plugins/com.st.stm32cube.ide.mcu.externaltools.gnu-tools-for-stm32.9-2020-q2-update.macos64_2.0.0.202105311346/tools/bin/../lib/gcc/arm-none-eabi/9.3.1/../../../../arm-none-eabi/lib/thumb/v7e-m+fp/hard/libc_nano.a(lib_a-utoa.o)
                0x000000000800baa8                . = ALIGN (0x4)
 *fill*         0x000000000800baa5        0x3 

.ARM.extab      0x000000000800baa8        0x0
                0x000000000800baa8                . = ALIGN (0x4)
 *(.ARM.extab* .gnu.linkonce.armextab.*)
                0x000000000800baa8                . = ALIGN (0x4)

.ARM            0x000000000800baa8        0x8
                0x000000000800baa8                . = ALIGN (0x4)
                0x000000000800baa8                __exidx_start = .
 *(.ARM.exidx*)
 .ARM.exidx     0x000000000800baa8        0x8 /Applications/STM32CubeIDE.app/Contents/Eclipse/plugins/com.st.stm32cube.ide.mcu.externaltools.gnu-tools-for-stm32.9-2020-q2-update.macos64_2.0.0.202105311346/tools/bin/../lib/gcc/arm-none-eabi/9.3.1/thumb/v7e-m+fp/hard/libgcc.a(_udivmoddi4.o)
                0x000000000800bab0                __exidx_end = .
                0x000000000800bab0                . = ALIGN (0x4)

.rel.dyn        0x000000000800bab0        0x0
 .rel.iplt      0x000000000800bab0        0x0 /Applications/STM32CubeIDE.app/Contents/Eclipse/plugins/com.st.stm32cube.ide.mcu.externaltools.gnu-tools-for-stm32.9-2020-q2-update.macos64_2.0.0.202105311346/tools/bin/../lib/gcc/arm-none-eabi/9.3.1/thumb/v7e-m+fp/hard/crtbegin.o

.preinit_array  0x000000000800bab0        0x0
                0x000000000800bab0                . = ALIGN (0x4)
                0x000000000800bab0                PROVIDE (__preinit_array_start = .)
 *(.preinit_array*)
                0x000000000800bab0                PROVIDE (__preinit_array_end = .)
                0x000000000800bab0                . = ALIGN (0x4)

.init_array     0x000000000800bab0        0x4
                0x000000000800bab0                . = ALIGN (0x4)
                0x000000000800bab0                PROVIDE (__init_array_start = .)
 *(SORT_BY_NAME(.init_array.*))
 *(.init_array*)
 .init_array    0x000000000800bab0        0x4 /Applications/STM32CubeIDE.app/Contents/Eclipse/plugins/com.st.stm32cube.ide.mcu.externaltools.gnu-tools-for-stm32.9-2020-q2-update.macos64_2.0.0.202105311346/tools/bin/../lib/gcc/arm-none-eabi/9.3.1/thumb/v7e-m+fp/hard/crtbegin.o
                0x000000000800bab4                PROVIDE (__init_array_end = .)
                0x000000000800bab4                . = ALIGN (0x4)

.fini_array     0x000000000800bab4        0x4
                0x000000000800bab4                . = ALIGN (0x4)
                [!provide]                        PROVIDE (__fini_array_start = .)
 *(SORT_BY_NAME(.fini_array.*))
 *(.fini_array*)
 .fini_array    0x000000000800bab4        0x4 /Applications/STM32CubeIDE.app/Contents/Eclipse/plugins/com.st.stm32cube.ide.mcu.externaltools.gnu-tools-for-stm32.9-2020-q2-update.macos64_2.0.0.202105311346/tools/bin/../lib/gcc/arm-none-eabi/9.3.1/thumb/v7e-m+fp/hard/crtbegin.o
                [!provide]                        PROVIDE (__fini_array_end = .)
                0x000000000800bab8                . = ALIGN (0x4)
                0x000000000800bab8                _sidata = LOADADDR (.data)

.data           0x0000000020000000       0x10 load address 0x000000000800bab8
                0x0000000020000000                . = ALIGN (0x4)
                0x0000000020000000                _sdata = .
 *(.data)
 *(.data*)
 .data.SystemCoreClock
                0x0000000020000000        0x4 ./Core/Src/system_stm32f4xx.o
                0x0000000020000000                SystemCoreClock
 .data.uwTickPrio
                0x0000000020000004        0x4 ./Drivers/STM32F4xx_HAL_Driver/Src/stm32f4xx_hal.o
                0x0000000020000004                uwTickPrio
 .data.uwTickFreq
                0x0000000020000008        0x1 ./Drivers/STM32F4xx_HAL_Driver/Src/stm32f4xx_hal.o
                0x0000000020000008                uwTickFreq
 .data.Stat     0x0000000020000009        0x1 ./FATFS/Target/sd_diskio.o
 *fill*         0x000000002000000a        0x2 
 .data.uxCriticalNesting
                0x000000002000000c        0x4 ./Middlewares/Third_Party/FreeRTOS/Source/portable/GCC/ARM_CM4F/port.o
 *(.RamFunc)
 *(.RamFunc*)
                0x0000000020000010                . = ALIGN (0x4)
                0x0000000020000010                _edata = .
                0x000000000800bac8                _siccmram = LOADADDR (.ccmram)

.igot.plt       0x0000000020000010        0x0 load address 0x000000000800bac8
 .igot.plt      0x0000000020000010        0x0 /Applications/STM32CubeIDE.app/Contents/Eclipse/plugins/com.st.stm32cube.ide.mcu.externaltools.gnu-tools-for-stm32.9-2020-q2-update.macos64_2.0.0.202105311346/tools/bin/../lib/gcc/arm-none-eabi/9.3.1/thumb/v7e-m+fp/hard/crtbegin.o

.ccmram         0x0000000010000000        0x0 load address 0x000000000800bac8
                0x0000000010000000                . = ALIGN (0x4)
                0x0000000010000000                _sccmram = .
 *(.ccmram)
 *(.ccmram*)
                0x0000000010000000                . = ALIGN (0x4)
                0x0000000010000000                _eccmram = .
                0x0000000010000000                . = ALIGN (0x4)

.bss            0x0000000020000010     0x6c00
                0x0000000020000010                _sbss = .
                0x0000000020000010                __bss_start__ = _sbss
 *(.bss)
 .bss           0x0000000020000010       0x1c /Applications/STM32CubeIDE.app/Contents/Eclipse/plugins/com.st.stm32cube.ide.mcu.externaltools.gnu-tools-for-stm32.9-2020-q2-update.macos64_2.0.0.202105311346/tools/bin/../lib/gcc/arm-none-eabi/9.3.1/thumb/v7e-m+fp/hard/crtbegin.o
 *(.bss*)
 .bss.SDQueueID
                0x000000002000002c        0x4 ./FATFS/Target/sd_diskio.o
 .bss.FatFs     0x0000000020000030        0x4 ./Middlewares/Third_Party/FatFs/src/ff.o
 .bss.Fsid      0x0000000020000034        0x2 ./Middlewares/Third_Party/FatFs/src/ff.o
 *fill*         0x0000000020000036        0x2 
 .bss.Files     0x0000000020000038       0x20 ./Middlewares/Third_Party/FatFs/src/ff.o
 .bss.disk      0x0000000020000058        0xc ./Middlewares/Third_Party/FatFs/src/ff_gen_drv.o
                0x0000000020000058                disk
 .bss.KernelState
                0x0000000020000064        0x4 ./Middlewares/Third_Party/FreeRTOS/Source/CMSIS_RTOS_V2/cmsis_os2.o
 .bss.Idle_TCB.10403
                0x0000000020000068       0x5c ./Middlewares/Third_Party/FreeRTOS/Source/CMSIS_RTOS_V2/cmsis_os2.o
 .bss.Idle_Stack.10404
                0x00000000200000c4      0x200 ./Middlewares/Third_Party/FreeRTOS/Source/CMSIS_RTOS_V2/cmsis_os2.o
 .bss.Timer_TCB.10410
                0x00000000200002c4       0x5c ./Middlewares/Third_Party/FreeRTOS/Source/CMSIS_RTOS_V2/cmsis_os2.o
 .bss.Timer_Stack.10411
                0x0000000020000320      0x400 ./Middlewares/Third_Party/FreeRTOS/Source/CMSIS_RTOS_V2/cmsis_os2.o
 .bss.pxCurrentTCB
                0x0000000020000720        0x4 ./Middlewares/Third_Party/FreeRTOS/Source/tasks.o
                0x0000000020000720                pxCurrentTCB
 .bss.pxReadyTasksLists
                0x0000000020000724      0x460 ./Middlewares/Third_Party/FreeRTOS/Source/tasks.o
 .bss.xDelayedTaskList1
                0x0000000020000b84       0x14 ./Middlewares/Third_Party/FreeRTOS/Source/tasks.o
 .bss.xDelayedTaskList2
                0x0000000020000b98       0x14 ./Middlewares/Third_Party/FreeRTOS/Source/tasks.o
 .bss.pxDelayedTaskList
                0x0000000020000bac        0x4 ./Middlewares/Third_Party/FreeRTOS/Source/tasks.o
 .bss.pxOverflowDelayedTaskList
                0x0000000020000bb0        0x4 ./Middlewares/Third_Party/FreeRTOS/Source/tasks.o
 .bss.xPendingReadyList
                0x0000000020000bb4       0x14 ./Middlewares/Third_Party/FreeRTOS/Source/tasks.o
 .bss.xTasksWaitingTermination
                0x0000000020000bc8       0x14 ./Middlewares/Third_Party/FreeRTOS/Source/tasks.o
 .bss.uxDeletedTasksWaitingCleanUp
                0x0000000020000bdc        0x4 ./Middlewares/Third_Party/FreeRTOS/Source/tasks.o
 .bss.xSuspendedTaskList
                0x0000000020000be0       0x14 ./Middlewares/Third_Party/FreeRTOS/Source/tasks.o
 .bss.uxCurrentNumberOfTasks
                0x0000000020000bf4        0x4 ./Middlewares/Third_Party/FreeRTOS/Source/tasks.o
 .bss.xTickCount
                0x0000000020000bf8        0x4 ./Middlewares/Third_Party/FreeRTOS/Source/tasks.o
 .bss.uxTopReadyPriority
                0x0000000020000bfc        0x4 ./Middlewares/Third_Party/FreeRTOS/Source/tasks.o
 .bss.xSchedulerRunning
                0x0000000020000c00        0x4 ./Middlewares/Third_Party/FreeRTOS/Source/tasks.o
 .bss.xPendedTicks
                0x0000000020000c04        0x4 ./Middlewares/Third_Party/FreeRTOS/Source/tasks.o
 .bss.xYieldPending
                0x0000000020000c08        0x4 ./Middlewares/Third_Party/FreeRTOS/Source/tasks.o
 .bss.xNumOfOverflows
                0x0000000020000c0c        0x4 ./Middlewares/Third_Party/FreeRTOS/Source/tasks.o
 .bss.uxTaskNumber
                0x0000000020000c10        0x4 ./Middlewares/Third_Party/FreeRTOS/Source/tasks.o
 .bss.xNextTaskUnblockTime
                0x0000000020000c14        0x4 ./Middlewares/Third_Party/FreeRTOS/Source/tasks.o
 .bss.xIdleTaskHandle
                0x0000000020000c18        0x4 ./Middlewares/Third_Party/FreeRTOS/Source/tasks.o
 .bss.uxSchedulerSuspended
                0x0000000020000c1c        0x4 ./Middlewares/Third_Party/FreeRTOS/Source/tasks.o
 .bss.xActiveTimerList1
                0x0000000020000c20       0x14 ./Middlewares/Third_Party/FreeRTOS/Source/timers.o
 .bss.xActiveTimerList2
                0x0000000020000c34       0x14 ./Middlewares/Third_Party/FreeRTOS/Source/timers.o
 .bss.pxCurrentTimerList
                0x0000000020000c48        0x4 ./Middlewares/Third_Party/FreeRTOS/Source/timers.o
 .bss.pxOverflowTimerList
                0x0000000020000c4c        0x4 ./Middlewares/Third_Party/FreeRTOS/Source/timers.o
 .bss.xTimerQueue
                0x0000000020000c50        0x4 ./Middlewares/Third_Party/FreeRTOS/Source/timers.o
 .bss.xTimerTaskHandle
                0x0000000020000c54        0x4 ./Middlewares/Third_Party/FreeRTOS/Source/timers.o
 .bss.xLastTime.6927
                0x0000000020000c58        0x4 ./Middlewares/Third_Party/FreeRTOS/Source/timers.o
 .bss.ucStaticTimerQueueStorage.6978
                0x0000000020000c5c       0xa0 ./Middlewares/Third_Party/FreeRTOS/Source/timers.o
 .bss.xStaticTimerQueue.6977
                0x0000000020000cfc       0x50 ./Middlewares/Third_Party/FreeRTOS/Source/timers.o
 .bss.ucMaxSysCallPriority
                0x0000000020000d4c        0x1 ./Middlewares/Third_Party/FreeRTOS/Source/portable/GCC/ARM_CM4F/port.o
 *fill*         0x0000000020000d4d        0x3 
 .bss.ulMaxPRIGROUPValue
                0x0000000020000d50        0x4 ./Middlewares/Third_Party/FreeRTOS/Source/portable/GCC/ARM_CM4F/port.o
 .bss.ucHeap    0x0000000020000d54     0x3c00 ./Middlewares/Third_Party/FreeRTOS/Source/portable/MemMang/heap_4.o
 .bss.xStart    0x0000000020004954        0x8 ./Middlewares/Third_Party/FreeRTOS/Source/portable/MemMang/heap_4.o
 .bss.pxEnd     0x000000002000495c        0x4 ./Middlewares/Third_Party/FreeRTOS/Source/portable/MemMang/heap_4.o
 .bss.xFreeBytesRemaining
                0x0000000020004960        0x4 ./Middlewares/Third_Party/FreeRTOS/Source/portable/MemMang/heap_4.o
 .bss.xMinimumEverFreeBytesRemaining
                0x0000000020004964        0x4 ./Middlewares/Third_Party/FreeRTOS/Source/portable/MemMang/heap_4.o
 .bss.xNumberOfSuccessfulAllocations
                0x0000000020004968        0x4 ./Middlewares/Third_Party/FreeRTOS/Source/portable/MemMang/heap_4.o
 .bss.xNumberOfSuccessfulFrees
                0x000000002000496c        0x4 ./Middlewares/Third_Party/FreeRTOS/Source/portable/MemMang/heap_4.o
 .bss.xBlockAllocatedBit
                0x0000000020004970        0x4 ./Middlewares/Third_Party/FreeRTOS/Source/portable/MemMang/heap_4.o
 *(COMMON)
 COMMON         0x0000000020004974      0x1e8 ./Core/Src/main.o
                0x0000000020004974                hdma_sdio_rx
                0x00000000200049d4                defaultTaskHandle
                0x00000000200049d8                record_semaphoreHandle
                0x00000000200049dc                hadc1
                0x0000000020004a24                bytes_read
                0x0000000020004a28                huart1
                0x0000000020004a6c                hdma_sdio_tx
                0x0000000020004acc                hsd
                0x0000000020004b50                res
                0x0000000020004b54                bytes_written
                0x0000000020004b58                audio_timerHandle
 COMMON         0x0000000020004b5c        0x4 ./Drivers/STM32F4xx_HAL_Driver/Src/stm32f4xx_hal.o
                0x0000000020004b5c                uwTick
 COMMON         0x0000000020004b60     0x2070 ./FATFS/App/fatfs.o
                0x0000000020004b60                retSD
                0x0000000020004b64                SDPath
                0x0000000020004b68                SDFile
                0x0000000020005b98                SDFatFS
 COMMON         0x0000000020006bd0       0x40 ./Middlewares/Third_Party/FreeRTOS/Source/queue.o
                0x0000000020006bd0                xQueueRegistry
                0x0000000020006c10                . = ALIGN (0x4)
                0x0000000020006c10                _ebss = .
                0x0000000020006c10                __bss_end__ = _ebss

._user_heap_stack
                0x0000000020006c10      0x600
                0x0000000020006c10                . = ALIGN (0x8)
                [!provide]                        PROVIDE (end = .)
                0x0000000020006c10                PROVIDE (_end = .)
                0x0000000020006e10                . = (. + _Min_Heap_Size)
 *fill*         0x0000000020006c10      0x200 
                0x0000000020007210                . = (. + _Min_Stack_Size)
 *fill*         0x0000000020006e10      0x400 
                0x0000000020007210                . = ALIGN (0x8)

/DISCARD/
 libc.a(*)
 libm.a(*)
 libgcc.a(*)

.ARM.attributes
                0x0000000000000000       0x30
 *(.ARM.attributes)
 .ARM.attributes
                0x0000000000000000       0x1e /Applications/STM32CubeIDE.app/Contents/Eclipse/plugins/com.st.stm32cube.ide.mcu.externaltools.gnu-tools-for-stm32.9-2020-q2-update.macos64_2.0.0.202105311346/tools/bin/../lib/gcc/arm-none-eabi/9.3.1/thumb/v7e-m+fp/hard/crti.o
 .ARM.attributes
                0x000000000000001e       0x34 /Applications/STM32CubeIDE.app/Contents/Eclipse/plugins/com.st.stm32cube.ide.mcu.externaltools.gnu-tools-for-stm32.9-2020-q2-update.macos64_2.0.0.202105311346/tools/bin/../lib/gcc/arm-none-eabi/9.3.1/thumb/v7e-m+fp/hard/crtbegin.o
 .ARM.attributes
                0x0000000000000052       0x34 ./Core/Src/main.o
 .ARM.attributes
                0x0000000000000086       0x34 ./Core/Src/stm32f4xx_hal_msp.o
 .ARM.attributes
                0x00000000000000ba       0x34 ./Core/Src/stm32f4xx_it.o
 .ARM.attributes
                0x00000000000000ee       0x34 ./Core/Src/system_stm32f4xx.o
 .ARM.attributes
                0x0000000000000122       0x21 ./Core/Startup/startup_stm32f407vetx.o
 .ARM.attributes
                0x0000000000000143       0x34 ./Drivers/STM32F4xx_HAL_Driver/Src/stm32f4xx_hal.o
 .ARM.attributes
                0x0000000000000177       0x34 ./Drivers/STM32F4xx_HAL_Driver/Src/stm32f4xx_hal_adc.o
 .ARM.attributes
                0x00000000000001ab       0x34 ./Drivers/STM32F4xx_HAL_Driver/Src/stm32f4xx_hal_cortex.o
 .ARM.attributes
                0x00000000000001df       0x34 ./Drivers/STM32F4xx_HAL_Driver/Src/stm32f4xx_hal_dma.o
 .ARM.attributes
                0x0000000000000213       0x34 ./Drivers/STM32F4xx_HAL_Driver/Src/stm32f4xx_hal_gpio.o
 .ARM.attributes
                0x0000000000000247       0x34 ./Drivers/STM32F4xx_HAL_Driver/Src/stm32f4xx_hal_rcc.o
 .ARM.attributes
                0x000000000000027b       0x34 ./Drivers/STM32F4xx_HAL_Driver/Src/stm32f4xx_hal_sd.o
 .ARM.attributes
                0x00000000000002af       0x34 ./Drivers/STM32F4xx_HAL_Driver/Src/stm32f4xx_hal_uart.o
 .ARM.attributes
                0x00000000000002e3       0x34 ./Drivers/STM32F4xx_HAL_Driver/Src/stm32f4xx_ll_sdmmc.o
 .ARM.attributes
                0x0000000000000317       0x34 ./FATFS/App/fatfs.o
 .ARM.attributes
                0x000000000000034b       0x34 ./FATFS/Target/bsp_driver_sd.o
 .ARM.attributes
                0x000000000000037f       0x34 ./FATFS/Target/sd_diskio.o
 .ARM.attributes
                0x00000000000003b3       0x34 ./Middlewares/Third_Party/FatFs/src/diskio.o
 .ARM.attributes
                0x00000000000003e7       0x34 ./Middlewares/Third_Party/FatFs/src/ff.o
 .ARM.attributes
                0x000000000000041b       0x34 ./Middlewares/Third_Party/FatFs/src/ff_gen_drv.o
 .ARM.attributes
                0x000000000000044f       0x34 ./Middlewares/Third_Party/FatFs/src/option/syscall.o
 .ARM.attributes
                0x0000000000000483       0x34 ./Middlewares/Third_Party/FreeRTOS/Source/CMSIS_RTOS_V2/cmsis_os2.o
 .ARM.attributes
                0x00000000000004b7       0x34 ./Middlewares/Third_Party/FreeRTOS/Source/list.o
 .ARM.attributes
                0x00000000000004eb       0x34 ./Middlewares/Third_Party/FreeRTOS/Source/queue.o
 .ARM.attributes
                0x000000000000051f       0x34 ./Middlewares/Third_Party/FreeRTOS/Source/tasks.o
 .ARM.attributes
                0x0000000000000553       0x34 ./Middlewares/Third_Party/FreeRTOS/Source/timers.o
 .ARM.attributes
                0x0000000000000587       0x34 ./Middlewares/Third_Party/FreeRTOS/Source/portable/GCC/ARM_CM4F/port.o
 .ARM.attributes
                0x00000000000005bb       0x34 ./Middlewares/Third_Party/FreeRTOS/Source/portable/MemMang/heap_4.o
 .ARM.attributes
                0x00000000000005ef       0x34 /Applications/STM32CubeIDE.app/Contents/Eclipse/plugins/com.st.stm32cube.ide.mcu.externaltools.gnu-tools-for-stm32.9-2020-q2-update.macos64_2.0.0.202105311346/tools/bin/../lib/gcc/arm-none-eabi/9.3.1/../../../../arm-none-eabi/lib/thumb/v7e-m+fp/hard/libc_nano.a(lib_a-init.o)
 .ARM.attributes
                0x0000000000000623       0x34 /Applications/STM32CubeIDE.app/Contents/Eclipse/plugins/com.st.stm32cube.ide.mcu.externaltools.gnu-tools-for-stm32.9-2020-q2-update.macos64_2.0.0.202105311346/tools/bin/../lib/gcc/arm-none-eabi/9.3.1/../../../../arm-none-eabi/lib/thumb/v7e-m+fp/hard/libc_nano.a(lib_a-itoa.o)
 .ARM.attributes
                0x0000000000000657       0x34 /Applications/STM32CubeIDE.app/Contents/Eclipse/plugins/com.st.stm32cube.ide.mcu.externaltools.gnu-tools-for-stm32.9-2020-q2-update.macos64_2.0.0.202105311346/tools/bin/../lib/gcc/arm-none-eabi/9.3.1/../../../../arm-none-eabi/lib/thumb/v7e-m+fp/hard/libc_nano.a(lib_a-memcpy-stub.o)
 .ARM.attributes
                0x000000000000068b       0x34 /Applications/STM32CubeIDE.app/Contents/Eclipse/plugins/com.st.stm32cube.ide.mcu.externaltools.gnu-tools-for-stm32.9-2020-q2-update.macos64_2.0.0.202105311346/tools/bin/../lib/gcc/arm-none-eabi/9.3.1/../../../../arm-none-eabi/lib/thumb/v7e-m+fp/hard/libc_nano.a(lib_a-memset.o)
 .ARM.attributes
                0x00000000000006bf       0x34 /Applications/STM32CubeIDE.app/Contents/Eclipse/plugins/com.st.stm32cube.ide.mcu.externaltools.gnu-tools-for-stm32.9-2020-q2-update.macos64_2.0.0.202105311346/tools/bin/../lib/gcc/arm-none-eabi/9.3.1/../../../../arm-none-eabi/lib/thumb/v7e-m+fp/hard/libc_nano.a(lib_a-utoa.o)
 .ARM.attributes
                0x00000000000006f3       0x1e /Applications/STM32CubeIDE.app/Contents/Eclipse/plugins/com.st.stm32cube.ide.mcu.externaltools.gnu-tools-for-stm32.9-2020-q2-update.macos64_2.0.0.202105311346/tools/bin/../lib/gcc/arm-none-eabi/9.3.1/thumb/v7e-m+fp/hard/libgcc.a(_aeabi_uldivmod.o)
 .ARM.attributes
                0x0000000000000711       0x34 /Applications/STM32CubeIDE.app/Contents/Eclipse/plugins/com.st.stm32cube.ide.mcu.externaltools.gnu-tools-for-stm32.9-2020-q2-update.macos64_2.0.0.202105311346/tools/bin/../lib/gcc/arm-none-eabi/9.3.1/thumb/v7e-m+fp/hard/libgcc.a(_udivmoddi4.o)
 .ARM.attributes
                0x0000000000000745       0x1e /Applications/STM32CubeIDE.app/Contents/Eclipse/plugins/com.st.stm32cube.ide.mcu.externaltools.gnu-tools-for-stm32.9-2020-q2-update.macos64_2.0.0.202105311346/tools/bin/../lib/gcc/arm-none-eabi/9.3.1/thumb/v7e-m+fp/hard/libgcc.a(_dvmd_tls.o)
 .ARM.attributes
                0x0000000000000763       0x1e /Applications/STM32CubeIDE.app/Contents/Eclipse/plugins/com.st.stm32cube.ide.mcu.externaltools.gnu-tools-for-stm32.9-2020-q2-update.macos64_2.0.0.202105311346/tools/bin/../lib/gcc/arm-none-eabi/9.3.1/thumb/v7e-m+fp/hard/crtn.o
OUTPUT(Sound-Recoder-stmf4.elf elf32-littlearm)
LOAD linker stubs
LOAD /Applications/STM32CubeIDE.app/Contents/Eclipse/plugins/com.st.stm32cube.ide.mcu.externaltools.gnu-tools-for-stm32.9-2020-q2-update.macos64_2.0.0.202105311346/tools/bin/../lib/gcc/arm-none-eabi/9.3.1/../../../../arm-none-eabi/lib/thumb/v7e-m+fp/hard/libc.a
LOAD /Applications/STM32CubeIDE.app/Contents/Eclipse/plugins/com.st.stm32cube.ide.mcu.externaltools.gnu-tools-for-stm32.9-2020-q2-update.macos64_2.0.0.202105311346/tools/bin/../lib/gcc/arm-none-eabi/9.3.1/../../../../arm-none-eabi/lib/thumb/v7e-m+fp/hard/libm.a
LOAD /Applications/STM32CubeIDE.app/Contents/Eclipse/plugins/com.st.stm32cube.ide.mcu.externaltools.gnu-tools-for-stm32.9-2020-q2-update.macos64_2.0.0.202105311346/tools/bin/../lib/gcc/arm-none-eabi/9.3.1/thumb/v7e-m+fp/hard/libgcc.a

.debug_info     0x0000000000000000    0x23cdb
 .debug_info    0x0000000000000000     0x26ce ./Core/Src/main.o
 .debug_info    0x00000000000026ce     0x1c1e ./Core/Src/stm32f4xx_hal_msp.o
 .debug_info    0x00000000000042ec     0x10fd ./Core/Src/stm32f4xx_it.o
 .debug_info    0x00000000000053e9      0x5a4 ./Core/Src/system_stm32f4xx.o
 .debug_info    0x000000000000598d       0x22 ./Core/Startup/startup_stm32f407vetx.o
 .debug_info    0x00000000000059af      0x9b2 ./Drivers/STM32F4xx_HAL_Driver/Src/stm32f4xx_hal.o
 .debug_info    0x0000000000006361      0xdbc ./Drivers/STM32F4xx_HAL_Driver/Src/stm32f4xx_hal_adc.o
 .debug_info    0x000000000000711d      0xed7 ./Drivers/STM32F4xx_HAL_Driver/Src/stm32f4xx_hal_cortex.o
 .debug_info    0x0000000000007ff4      0x9f1 ./Drivers/STM32F4xx_HAL_Driver/Src/stm32f4xx_hal_dma.o
 .debug_info    0x00000000000089e5      0x83e ./Drivers/STM32F4xx_HAL_Driver/Src/stm32f4xx_hal_gpio.o
 .debug_info    0x0000000000009223      0x996 ./Drivers/STM32F4xx_HAL_Driver/Src/stm32f4xx_hal_rcc.o
 .debug_info    0x0000000000009bb9     0x1a66 ./Drivers/STM32F4xx_HAL_Driver/Src/stm32f4xx_hal_sd.o
 .debug_info    0x000000000000b61f     0x31de ./Drivers/STM32F4xx_HAL_Driver/Src/stm32f4xx_hal_uart.o
 .debug_info    0x000000000000e7fd     0x1249 ./Drivers/STM32F4xx_HAL_Driver/Src/stm32f4xx_ll_sdmmc.o
 .debug_info    0x000000000000fa46      0xe83 ./FATFS/App/fatfs.o